Archive member included to satisfy reference by file (symbol)

lib/orangescrt.a(printf.o)    kernel/main.o (printf)
lib/orangescrt.a(vsprintf.o)  kernel/main.o (vsprintf)
lib/orangescrt.a(string.o)    kernel/start.o (memcpy)
lib/orangescrt.a(misc.o)      kernel/main.o (send_recv)
lib/orangescrt.a(open.o)      kernel/main.o (open)
lib/orangescrt.a(read.o)      kernel/main.o (read)
lib/orangescrt.a(write.o)     kernel/main.o (write)
lib/orangescrt.a(close.o)     kernel/main.o (close)
lib/orangescrt.a(unlink.o)    kernel/tools/fs.o (unlink)
lib/orangescrt.a(lseek.o)     kernel/main.o (lseek)
lib/orangescrt.a(getpid.o)    fs/disklog.o (getpid)
lib/orangescrt.a(stat.o)      mm/exec.o (stat)
lib/orangescrt.a(fork.o)      kernel/main.o (fork)
lib/orangescrt.a(wait.o)      kernel/main.o (wait)
lib/orangescrt.a(exec.o)      kernel/main.o (execv)
lib/orangescrt.a(graphics.o)  kernel/main.o (drawBMP)
lib/orangescrt.a(kbhit.o)     kernel/game/2048.o (kbhit)
lib/orangescrt.a(syscall.o)   lib/orangescrt.a(misc.o) (sendrec)

分配公共符号
公共符号            大小              文件

idt_ptr             0x6               kernel/global.o
graphics_msg        0x30              kernel/global.o
inode_table         0xb00             kernel/global.o
task_stack          0x24000           kernel/global.o
k_reenter           0x4               kernel/global.o
gdt                 0x400             kernel/global.o
current_console     0x4               kernel/global.o
pcaller             0x4               kernel/global.o
tty_table           0x261c            kernel/global.o
tss                 0x68              kernel/global.o
fs_msg              0x30              kernel/global.o
memory_size         0x4               kernel/global.o
f_desc_table        0x400             kernel/global.o
root_inode          0x4               kernel/global.o
disp_pos            0x4               kernel/global.o
files               0xa00             kernel/tools/fs.o
mm_msg              0x30              kernel/global.o
Dir                 0x4               kernel/game/tanchishe.o
key_pressed         0x4               kernel/global.o
gdt_ptr             0x6               kernel/global.o
users               0xa00             kernel/tools/user.o
idt                 0x800             kernel/global.o
super_block         0x1e0             kernel/global.o
PARTITION_ENTRY     0x10              kernel/hd.o
ticks               0x4               kernel/global.o
console_table       0x564             kernel/global.o
irq_table           0x40              kernel/global.o
p_proc_ready        0x4               kernel/global.o
proc_table          0x3ef0            kernel/global.o

舍弃的输入节

 .note.GNU-stack
                0x0000000000000000        0x0 kernel/start.o
 .note.GNU-stack
                0x0000000000000000        0x0 kernel/main.o
 .note.GNU-stack
                0x0000000000000000        0x0 kernel/clock.o
 .note.GNU-stack
                0x0000000000000000        0x0 kernel/keyboard.o
 .note.GNU-stack
                0x0000000000000000        0x0 kernel/tty.o
 .note.GNU-stack
                0x0000000000000000        0x0 kernel/console.o
 .note.GNU-stack
                0x0000000000000000        0x0 kernel/i8259.o
 .note.GNU-stack
                0x0000000000000000        0x0 kernel/global.o
 .note.GNU-stack
                0x0000000000000000        0x0 kernel/protect.o
 .note.GNU-stack
                0x0000000000000000        0x0 kernel/proc.o
 .note.GNU-stack
                0x0000000000000000        0x0 kernel/systask.o
 .note.GNU-stack
                0x0000000000000000        0x0 kernel/hd.o
 .note.GNU-stack
                0x0000000000000000        0x0 kernel/klib.o
 .note.GNU-stack
                0x0000000000000000        0x0 kernel/tools/welcome.o
 .note.GNU-stack
                0x0000000000000000        0x0 kernel/tools/fs.o
 .note.GNU-stack
                0x0000000000000000        0x0 kernel/tools/user.o
 .note.GNU-stack
                0x0000000000000000        0x0 kernel/tools/process.o
 .note.GNU-stack
                0x0000000000000000        0x0 lib/syslog.o
 .note.GNU-stack
                0x0000000000000000        0x0 mm/main.o
 .note.GNU-stack
                0x0000000000000000        0x0 mm/forkexit.o
 .note.GNU-stack
                0x0000000000000000        0x0 mm/exec.o
 .note.GNU-stack
                0x0000000000000000        0x0 fs/main.o
 .note.GNU-stack
                0x0000000000000000        0x0 fs/open.o
 .note.GNU-stack
                0x0000000000000000        0x0 fs/misc.o
 .note.GNU-stack
                0x0000000000000000        0x0 fs/read_write.o
 .note.GNU-stack
                0x0000000000000000        0x0 fs/link.o
 .note.GNU-stack
                0x0000000000000000        0x0 fs/disklog.o
 .note.GNU-stack
                0x0000000000000000        0x0 graphics/main.o
 .note.GNU-stack
                0x0000000000000000        0x0 graphics/graphics.o
 .note.GNU-stack
                0x0000000000000000        0x0 kernel/game/2048.o
 .note.GNU-stack
                0x0000000000000000        0x0 kernel/tools/calendar.o
 .note.GNU-stack
                0x0000000000000000        0x0 kernel/game/tanchishe.o
 .note.GNU-stack
                0x0000000000000000        0x0 kernel/tools/calculator.o
 .note.GNU-stack
                0x0000000000000000        0x0 lib/orangescrt.a(printf.o)
 .note.GNU-stack
                0x0000000000000000        0x0 lib/orangescrt.a(vsprintf.o)
 .note.GNU-stack
                0x0000000000000000        0x0 lib/orangescrt.a(misc.o)
 .note.GNU-stack
                0x0000000000000000        0x0 lib/orangescrt.a(open.o)
 .note.GNU-stack
                0x0000000000000000        0x0 lib/orangescrt.a(read.o)
 .note.GNU-stack
                0x0000000000000000        0x0 lib/orangescrt.a(write.o)
 .note.GNU-stack
                0x0000000000000000        0x0 lib/orangescrt.a(close.o)
 .note.GNU-stack
                0x0000000000000000        0x0 lib/orangescrt.a(unlink.o)
 .note.GNU-stack
                0x0000000000000000        0x0 lib/orangescrt.a(lseek.o)
 .note.GNU-stack
                0x0000000000000000        0x0 lib/orangescrt.a(getpid.o)
 .note.GNU-stack
                0x0000000000000000        0x0 lib/orangescrt.a(stat.o)
 .note.GNU-stack
                0x0000000000000000        0x0 lib/orangescrt.a(fork.o)
 .note.GNU-stack
                0x0000000000000000        0x0 lib/orangescrt.a(wait.o)
 .note.GNU-stack
                0x0000000000000000        0x0 lib/orangescrt.a(exec.o)
 .note.GNU-stack
                0x0000000000000000        0x0 lib/orangescrt.a(graphics.o)
 .note.GNU-stack
                0x0000000000000000        0x0 lib/orangescrt.a(kbhit.o)

内存配置

名称           来源             长度             属性
*default*        0x0000000000000000 0xffffffffffffffff

链结器命令稿和内存映射

段 .text 的地址设置为 0x1000
LOAD kernel/kernel.o
LOAD kernel/start.o
LOAD kernel/main.o
LOAD kernel/clock.o
LOAD kernel/keyboard.o
LOAD kernel/tty.o
LOAD kernel/console.o
LOAD kernel/i8259.o
LOAD kernel/global.o
LOAD kernel/protect.o
LOAD kernel/proc.o
LOAD kernel/systask.o
LOAD kernel/hd.o
LOAD kernel/kliba.o
LOAD kernel/klib.o
LOAD kernel/tools/welcome.o
LOAD kernel/tools/fs.o
LOAD kernel/tools/user.o
LOAD kernel/tools/process.o
LOAD lib/syslog.o
LOAD mm/main.o
LOAD mm/forkexit.o
LOAD mm/exec.o
LOAD fs/main.o
LOAD fs/open.o
LOAD fs/misc.o
LOAD fs/read_write.o
LOAD fs/link.o
LOAD fs/disklog.o
LOAD graphics/main.o
LOAD graphics/graphics.o
LOAD kernel/game/2048.o
LOAD kernel/tools/calendar.o
LOAD kernel/game/tanchishe.o
LOAD kernel/tools/calculator.o
LOAD lib/orangescrt.a
                0x0000000008048000                PROVIDE (__executable_start, 0x8048000)
                0x0000000008048094                . = (0x8048000 + SIZEOF_HEADERS)

.interp
 *(.interp)

.note.gnu.build-id
 *(.note.gnu.build-id)

.hash
 *(.hash)

.gnu.hash
 *(.gnu.hash)

.dynsym
 *(.dynsym)

.dynstr
 *(.dynstr)

.gnu.version
 *(.gnu.version)

.gnu.version_d
 *(.gnu.version_d)

.gnu.version_r
 *(.gnu.version_r)

.rel.dyn        0x0000000008048094        0x0
 *(.rel.init)
 *(.rel.text .rel.text.* .rel.gnu.linkonce.t.*)
 .rel.text      0x0000000000000000        0x0 kernel/kernel.o
 *(.rel.fini)
 *(.rel.rodata .rel.rodata.* .rel.gnu.linkonce.r.*)
 *(.rel.data.rel.ro .rel.data.rel.ro.* .rel.gnu.linkonce.d.rel.ro.*)
 *(.rel.data .rel.data.* .rel.gnu.linkonce.d.*)
 .rel.data      0x0000000000000000        0x0 kernel/kernel.o
 *(.rel.tdata .rel.tdata.* .rel.gnu.linkonce.td.*)
 *(.rel.tbss .rel.tbss.* .rel.gnu.linkonce.tb.*)
 *(.rel.ctors)
 *(.rel.dtors)
 *(.rel.got)
 *(.rel.bss .rel.bss.* .rel.gnu.linkonce.b.*)
 *(.rel.ifunc)

.rel.plt        0x0000000008048094        0x0
 *(.rel.plt)
                0x0000000008048094                PROVIDE (__rel_iplt_start, .)
 *(.rel.iplt)
 .rel.iplt      0x0000000000000000        0x0 kernel/kernel.o
                0x0000000008048094                PROVIDE (__rel_iplt_end, .)

.init
 *(SORT(.init))

.plt            0x00000000080480a0        0x0
 *(.plt)
 *(.iplt)
 .iplt          0x0000000000000000        0x0 kernel/kernel.o

.text           0x0000000000001000    0x12d28
 *(.text.unlikely .text.*_unlikely .text.unlikely.*)
 *(.text.exit .text.exit.*)
 *(.text.startup .text.startup.*)
 *(.text.hot .text.hot.*)
 *(.text .stub .text.* .gnu.linkonce.t.*)
 .text          0x0000000000001000      0x410 kernel/kernel.o
                0x0000000000001000                _start
                0x0000000000001040                hwint00
                0x0000000000001070                hwint01
                0x00000000000010a0                hwint02
                0x00000000000010d0                hwint03
                0x0000000000001100                hwint04
                0x0000000000001130                hwint05
                0x0000000000001160                hwint06
                0x0000000000001190                hwint07
                0x00000000000011c0                hwint08
                0x00000000000011f0                hwint09
                0x0000000000001220                hwint10
                0x0000000000001250                hwint11
                0x0000000000001280                hwint12
                0x00000000000012b0                hwint13
                0x00000000000012e0                hwint14
                0x0000000000001310                hwint15
                0x0000000000001334                divide_error
                0x000000000000133a                single_step_exception
                0x0000000000001340                nmi
                0x0000000000001346                breakpoint_exception
                0x000000000000134c                overflow
                0x0000000000001352                bounds_check
                0x0000000000001358                inval_opcode
                0x000000000000135e                copr_not_available
                0x0000000000001364                double_fault
                0x0000000000001368                copr_seg_overrun
                0x000000000000136e                inval_tss
                0x0000000000001372                segment_not_present
                0x0000000000001376                stack_exception
                0x000000000000137a                general_protection
                0x000000000000137e                page_fault
                0x0000000000001382                copr_error
                0x00000000000013cb                sys_call
                0x00000000000013eb                restart
 .text          0x0000000000001410       0x8e kernel/start.o
                0x0000000000001410                cstart
 .text          0x000000000000149e      0xf06 kernel/main.o
                0x000000000000149e                kernel_main
                0x00000000000017f5                get_ticks
                0x000000000000182d                untar
                0x0000000000001b02                shabby_shell
                0x0000000000002205                Init
                0x0000000000002345                TestA
                0x000000000000234a                TestB
                0x000000000000234f                TestC
                0x0000000000002354                panic
 .text          0x00000000000023a4      0x207 kernel/clock.o
                0x00000000000023a4                clock_handler
                0x0000000000002491                milli_delay
                0x00000000000024ca                init_clock
                0x000000000000252e                time
                0x000000000000255d                srand
                0x000000000000256a                rand
 .text          0x00000000000025ab      0x6f1 kernel/keyboard.o
                0x00000000000025ab                keyboard_handler
                0x0000000000002611                init_keyboard
                0x00000000000026c0                keyboard_read
 .text          0x0000000000002c9c      0xf60 kernel/tty.o
                0x0000000000002c9c                task_tty
                0x0000000000002f2a                in_process
                0x0000000000003903                sys_printx
                0x0000000000003aa5                dump_tty_buf
 .text          0x0000000000003bfc      0xa03 kernel/console.o
                0x0000000000003bfc                init_screen
                0x0000000000003d20                out_char
                0x0000000000004132                putfont
                0x000000000000421c                is_current_console
                0x000000000000430c                select_console
                0x0000000000004329                scroll_screen
 .text          0x00000000000045ff      0x13c kernel/i8259.o
                0x00000000000045ff                init_8259A
                0x00000000000046f0                spurious_irq
                0x000000000000471b                put_irq_handler
 .text          0x000000000000473b        0x0 kernel/global.o
 .text          0x000000000000473b      0x842 kernel/protect.o
                0x000000000000473b                init_prot
                0x0000000000004d95                seg2linear
                0x0000000000004de4                init_desc
                0x0000000000004e50                exception_handler
 .text          0x0000000000004f7d     0x1967 kernel/proc.o
                0x0000000000004f7d                schedule
                0x000000000000500e                sys_sendrec
                0x000000000000516d                ldt_seg_linear
                0x00000000000051b7                va2la
                0x0000000000005226                reset_msg
                0x0000000000006277                inform_int
                0x0000000000006434                dump_proc
                0x000000000000679d                dump_msg
 .text          0x00000000000068e4      0x2cf kernel/systask.o
                0x00000000000068e4                task_sys
 .text          0x0000000000006bb3      0xd88 kernel/hd.o
                0x0000000000006bb3                task_hd
                0x0000000000007916                hd_handler
 *fill*         0x000000000000793b        0x5 
 .text          0x0000000000007940      0x1e9 kernel/kliba.o
                0x0000000000007940                io_hlt
                0x0000000000007942                io_cli
                0x0000000000007944                io_sti
                0x0000000000007946                io_stihlt
                0x0000000000007949                io_in8
                0x0000000000007954                io_in16
                0x0000000000007960                io_in32
                0x0000000000007966                io_out8
                0x000000000000797b                io_out32
                0x0000000000007985                io_load_eflags
                0x0000000000007988                io_store_eflags
                0x000000000000798f                disp_str
                0x00000000000079cd                disp_color_str
                0x0000000000007a0c                out_byte
                0x0000000000007a18                in_byte
                0x0000000000007a22                port_read
                0x0000000000007a35                port_write
                0x0000000000007a48                disable_irq
                0x0000000000007a7d                enable_irq
                0x0000000000007a9c                disable_int
                0x0000000000007a9e                enable_int
                0x0000000000007aa0                glitter
 .text          0x0000000000007b29      0x426 kernel/klib.o
                0x0000000000007b29                get_boot_params
                0x0000000000007bc9                get_kernel_map
                0x0000000000007ce5                itoa
                0x0000000000007d90                disp_int
                0x0000000000007db5                delay
                0x0000000000007dfb                isspace
                0x0000000000007e27                isdigit
                0x0000000000007e4d                atoi
                0x0000000000007f13                readint
 .text          0x0000000000007f4f       0x97 kernel/tools/welcome.o
                0x0000000000007f4f                welcome
 .text          0x0000000000007fe6      0x9dc kernel/tools/fs.o
                0x0000000000007fe6                editCover
                0x00000000000080f6                editAppand
                0x0000000000008275                ls
                0x00000000000082c0                pathFilter
                0x0000000000008397                createFilepath
                0x0000000000008423                createFile
                0x0000000000008533                readFile
                0x00000000000085f1                delFile
                0x0000000000008735                ModifyFile
                0x00000000000087e9                AppendFile
                0x000000000000889d                clearArr
                0x00000000000088c5                readUserFiles
                0x0000000000008952                updateUserFiles
 .text          0x00000000000089c2      0xd73 kernel/tools/user.o
                0x00000000000089c2                vertify
                0x00000000000089ec                initUsers
                0x0000000000008dc2                searchUser
                0x0000000000008e21                login
                0x0000000000009061                showUsers
                0x00000000000090db                addUser
                0x0000000000009210                delUser
                0x0000000000009374                updateUsers
                0x000000000000947a                passwd
                0x0000000000009512                modifyPassword
                0x000000000000969b                sudo
 .text          0x0000000000009735      0x2db kernel/tools/process.o
                0x0000000000009735                showProcess
                0x00000000000098cc                killpro
                0x0000000000009938                pausepro
                0x00000000000099a4                resume
 .text          0x0000000000009a10       0x75 lib/syslog.o
                0x0000000000009a10                syslog
 .text          0x0000000000009a85      0x1d6 mm/main.o
                0x0000000000009a85                task_mm
                0x0000000000009bcb                alloc_mem
                0x0000000000009c51                free_mem
 .text          0x0000000000009c5b      0x629 mm/forkexit.o
                0x0000000000009c5b                do_fork
                0x0000000000009ffa                do_exit
                0x000000000000a1c8                do_wait
 .text          0x000000000000a284      0x392 mm/exec.o
                0x000000000000a284                do_exec
 .text          0x000000000000a616     0x1290 fs/main.o
                0x000000000000a616                task_fs
                0x000000000000b244                rw_sector
                0x000000000000b47e                get_super_block
                0x000000000000b4c4                get_inode
                0x000000000000b632                put_inode
                0x000000000000b677                sync_inode
 .text          0x000000000000b8a6      0xc07 fs/open.o
                0x000000000000b8a6                do_open
                0x000000000000bddf                do_close
                0x000000000000be56                do_lseek
 .text          0x000000000000c4ad      0x3f6 fs/misc.o
                0x000000000000c4ad                do_stat
                0x000000000000c69e                search_file
                0x000000000000c817                strip_path
 .text          0x000000000000c8a3      0x538 fs/read_write.o
                0x000000000000c8a3                do_rdwt
 .text          0x000000000000cddb      0x98d fs/link.o
                0x000000000000cddb                convert_to_absolute
                0x000000000000ce72                do_unlink
 .text          0x000000000000d768     0x215a fs/disklog.o
                0x000000000000d768                disklog
                0x000000000000ddae                dump_fd_graph
 .text          0x000000000000f8c2      0x637 graphics/main.o
                0x000000000000f8c2                task_graphics
                0x000000000000f9d7                do_drawBMP
                0x000000000000fa7f                do_topBar
                0x000000000000fb2c                do_clear
                0x000000000000fb39                do_drawFont
                0x000000000000fc00                do_drawPixel
                0x000000000000fc3a                do_drawBox
                0x000000000000fc8b                do_drawLine
                0x000000000000fda1                do_drawCircle
                0x000000000000fec7                do_changeColorMode
 .text          0x000000000000fef9      0x682 graphics/graphics.o
                0x000000000000fef9                init_graphics
                0x000000000000ff0b                init_palette
                0x000000000000ff30                grayPalette
                0x000000000000ff55                colorPalette
                0x000000000000ff7a                clearScreen
                0x000000000000ffb6                readBMP
                0x0000000000010182                set_palette
                0x0000000000010228                boxfill8
                0x0000000000010290                updateTopbar
                0x0000000000010344                clearFonts
                0x0000000000010380                putfont8
                0x0000000000010487                putfonts8_char
                0x00000000000104c6                putfonts8_asc
                0x0000000000010519                pixel
 .text          0x000000000001057b     0x10d4 kernel/game/2048.o
                0x000000000001057b                run2048
                0x000000000001058d                loop_game
                0x0000000000010693                reset_game
                0x000000000001074a                add_rand_num
                0x000000000001081a                get_null_count
                0x0000000000010870                check_game_over
                0x000000000001091d                move_left
                0x0000000000010af4                move_right
                0x0000000000010ccb                move_up
                0x0000000000010e9b                move_down
                0x0000000000011072                refresh_screen
                0x0000000000011635                init_game
                0x0000000000011642                release_game
 .text          0x000000000001164f      0x5cb kernel/tools/calendar.o
                0x000000000001164f                runcalendar
                0x00000000000116b8                is_leap
                0x000000000001171c                day_count
                0x0000000000011789                total_day
                0x00000000000117cb                weekday
                0x0000000000011876                print_weekday
                0x0000000000011a28                print_month
                0x0000000000011b62                print_total_day
 .text          0x0000000000011c1a      0x84b kernel/game/tanchishe.o
                0x000000000001212f                logic
                0x0000000000012444                runtanchishe
 .text          0x0000000000012465      0x95c kernel/tools/calculator.o
                0x0000000000012465                num_stack_is_empty
                0x0000000000012475                num_stack_push
                0x0000000000012496                num_stack_pop
                0x00000000000124dd                num_stack_clear
                0x0000000000012513                num_stack_get_top
                0x0000000000012534                op_stack_is_empty
                0x0000000000012544                op_stack_push
                0x000000000001256e                op_stack_pop
                0x00000000000125b2                op_stack_get_top
                0x00000000000125d3                op_stack_clear
                0x0000000000012606                is_digit
                0x000000000001262c                isp
                0x00000000000126bf                icp
                0x0000000000012752                pow
                0x0000000000012783                get_two_num
                0x00000000000127ea                do_operator
                0x0000000000012928                run
                0x0000000000012b10                format
                0x0000000000012d41                runcalculator
 .text          0x0000000000012dc1       0xc0 lib/orangescrt.a(printf.o)
                0x0000000000012dc1                printf
                0x0000000000012e40                printl
 .text          0x0000000000012e81      0x318 lib/orangescrt.a(vsprintf.o)
                0x0000000000012ee4                vsprintf
                0x000000000001316f                sprintf
 *fill*         0x0000000000013199        0x7 
 .text          0x00000000000131a0       0x78 lib/orangescrt.a(string.o)
                0x00000000000131a0                memcpy
                0x00000000000131c9                memset
                0x00000000000131ea                strcpy
                0x0000000000013202                strlen
 .text          0x0000000000013218      0x288 lib/orangescrt.a(misc.o)
                0x0000000000013218                send_recv
                0x00000000000132f8                memcmp
                0x000000000001336e                strcmp
                0x00000000000133e0                strcat
                0x000000000001343f                spin
                0x000000000001345a                assertion_failure
 .text          0x00000000000134a0       0x73 lib/orangescrt.a(open.o)
                0x00000000000134a0                open
 .text          0x0000000000013513       0x3f lib/orangescrt.a(read.o)
                0x0000000000013513                read
 .text          0x0000000000013552       0x3f lib/orangescrt.a(write.o)
                0x0000000000013552                write
 .text          0x0000000000013591       0x33 lib/orangescrt.a(close.o)
                0x0000000000013591                close
 .text          0x00000000000135c4       0x41 lib/orangescrt.a(unlink.o)
                0x00000000000135c4                unlink
 .text          0x0000000000013605       0x3f lib/orangescrt.a(lseek.o)
                0x0000000000013605                lseek
 .text          0x0000000000013644       0x59 lib/orangescrt.a(getpid.o)
                0x0000000000013644                getpid
 .text          0x000000000001369d       0x73 lib/orangescrt.a(stat.o)
                0x000000000001369d                stat
 .text          0x0000000000013710       0x84 lib/orangescrt.a(fork.o)
                0x0000000000013710                fork
 .text          0x0000000000013794       0x44 lib/orangescrt.a(wait.o)
                0x0000000000013794                wait
 .text          0x00000000000137d8      0x263 lib/orangescrt.a(exec.o)
                0x00000000000137d8                exec
                0x0000000000013853                execl
                0x0000000000013879                execv
 .text          0x0000000000013a3b      0x288 lib/orangescrt.a(graphics.o)
                0x0000000000013a3b                drawBMP
                0x0000000000013a7c                topBar
                0x0000000000013abd                clearAll
                0x0000000000013ae7                changeColorMode
                0x0000000000013b11                drawFont
                0x0000000000013b68                drawPixel
                0x0000000000013bae                drawBox
                0x0000000000013bfd                drawLine
                0x0000000000013c4c                drawCircle
                0x0000000000013c95                clear
 .text          0x0000000000013cc3       0x34 lib/orangescrt.a(kbhit.o)
                0x0000000000013cc3                kbhit
 *fill*         0x0000000000013cf7        0x9 
 .text          0x0000000000013d00       0x28 lib/orangescrt.a(syscall.o)
                0x0000000000013d00                sendrec
                0x0000000000013d1a                printx
 *(.gnu.warning)

.fini
 *(SORT(.fini))
                0x0000000000013d28                PROVIDE (__etext, .)
                0x0000000000013d28                PROVIDE (_etext, .)
                0x0000000000013d28                PROVIDE (etext, .)

.rodata         0x0000000000013d40     0x3435
 *(.rodata .rodata.* .gnu.linkonce.r.*)
 .rodata        0x0000000000013d40       0x47 kernel/start.o
 *fill*         0x0000000000013d87        0x1 
 .rodata        0x0000000000013d88      0x318 kernel/main.o
 .rodata        0x00000000000140a0       0x64 kernel/keyboard.o
 .rodata        0x0000000000014104      0x184 kernel/tty.o
 .rodata        0x0000000000014288       0x5b kernel/console.o
 .rodata        0x00000000000142e3       0x11 kernel/i8259.o
 .rodata        0x00000000000142f4       0x10 kernel/global.o
                0x00000000000142f4                FSBUF_SIZE
                0x00000000000142f8                MMBUF_SIZE
                0x00000000000142fc                LOGBUF_SIZE
                0x0000000000014300                LOGDISKBUF_SIZE
 *fill*         0x0000000000014304       0x1c 
 .rodata        0x0000000000014320      0x580 kernel/protect.o
 .rodata        0x00000000000148a0      0x5da kernel/proc.o
 .rodata        0x0000000000014e7a       0x11 kernel/systask.o
 *fill*         0x0000000000014e8b        0x1 
 .rodata        0x0000000000014e8c      0x15c kernel/hd.o
 .rodata        0x0000000000014fe8       0x6a kernel/klib.o
 .rodata        0x0000000000015052        0xb kernel/tools/welcome.o
 *fill*         0x000000000001505d        0x3 
 .rodata        0x0000000000015060       0xa5 kernel/tools/fs.o
 *fill*         0x0000000000015105        0x3 
 .rodata        0x0000000000015108      0x1ec kernel/tools/user.o
 .rodata        0x00000000000152f4       0xb4 kernel/tools/process.o
 .rodata        0x00000000000153a8       0x1e lib/syslog.o
 *fill*         0x00000000000153c6        0x2 
 .rodata        0x00000000000153c8       0xb1 mm/main.o
 *fill*         0x0000000000015479        0x3 
 .rodata        0x000000000001547c       0xe7 mm/forkexit.o
 *fill*         0x0000000000015563        0x1 
 .rodata        0x0000000000015564       0xa4 mm/exec.o
 .rodata        0x0000000000015608      0x2be fs/main.o
 *fill*         0x00000000000158c6        0x2 
 .rodata        0x00000000000158c8      0x198 fs/open.o
 .rodata        0x0000000000015a60       0x60 fs/misc.o
 .rodata        0x0000000000015ac0      0x164 fs/read_write.o
 .rodata        0x0000000000015c24      0x1ad fs/link.o
 *fill*         0x0000000000015dd1        0x3 
 .rodata        0x0000000000015dd4      0x806 fs/disklog.o
 *fill*         0x00000000000165da        0x2 
 .rodata        0x00000000000165dc       0x97 graphics/main.o
 .rodata        0x0000000000016673       0x11 graphics/graphics.o
 .rodata        0x0000000000016684       0xd3 kernel/game/2048.o
 *fill*         0x0000000000016757        0x1 
 .rodata        0x0000000000016758      0x210 kernel/tools/calendar.o
 .rodata        0x0000000000016968      0x1f5 kernel/game/tanchishe.o
 *fill*         0x0000000000016b5d        0x3 
 .rodata        0x0000000000016b60      0x429 kernel/tools/calculator.o
 .rodata        0x0000000000016f89       0x14 lib/orangescrt.a(printf.o)
 *fill*         0x0000000000016f9d        0x3 
 .rodata        0x0000000000016fa0       0xad lib/orangescrt.a(misc.o)
 .rodata        0x000000000001704d       0x23 lib/orangescrt.a(open.o)
 .rodata        0x0000000000017070       0x25 lib/orangescrt.a(getpid.o)
 .rodata        0x0000000000017095       0x23 lib/orangescrt.a(stat.o)
 .rodata        0x00000000000170b8       0x33 lib/orangescrt.a(fork.o)
 *fill*         0x00000000000170eb        0x1 
 .rodata        0x00000000000170ec       0x87 lib/orangescrt.a(exec.o)
 .rodata        0x0000000000017173        0x2 lib/orangescrt.a(graphics.o)

.rodata1
 *(.rodata1)

.eh_frame_hdr
 *(.eh_frame_hdr)

.eh_frame       0x0000000000017178     0x22bc
 *(.eh_frame)
 .eh_frame      0x0000000000017178       0x38 kernel/start.o
 .eh_frame      0x00000000000171b0      0x108 kernel/main.o
                                        0x120 (松开之前的大小)
 .eh_frame      0x00000000000172b8       0xc0 kernel/clock.o
                                         0xd8 (松开之前的大小)
 .eh_frame      0x0000000000017378       0xe0 kernel/keyboard.o
                                         0xf8 (松开之前的大小)
 .eh_frame      0x0000000000017458      0x1bc kernel/tty.o
                                        0x1d4 (松开之前的大小)
 .eh_frame      0x0000000000017614      0x160 kernel/console.o
                                        0x178 (松开之前的大小)
 .eh_frame      0x0000000000017774       0x60 kernel/i8259.o
                                         0x78 (松开之前的大小)
 .eh_frame      0x00000000000177d4       0xb0 kernel/protect.o
                                         0xc8 (松开之前的大小)
 .eh_frame      0x0000000000017884      0x1c0 kernel/proc.o
                                        0x1d8 (松开之前的大小)
 .eh_frame      0x0000000000017a44       0x5c kernel/systask.o
                                         0x74 (松开之前的大小)
 .eh_frame      0x0000000000017aa0      0x1e8 kernel/hd.o
                                        0x200 (松开之前的大小)
 .eh_frame      0x0000000000017c88      0x120 kernel/klib.o
                                        0x138 (松开之前的大小)
 .eh_frame      0x0000000000017da8       0x20 kernel/tools/welcome.o
                                         0x38 (松开之前的大小)
 .eh_frame      0x0000000000017dc8      0x1b8 kernel/tools/fs.o
                                        0x1d0 (松开之前的大小)
 .eh_frame      0x0000000000017f80      0x16c kernel/tools/user.o
                                        0x184 (松开之前的大小)
 .eh_frame      0x00000000000180ec       0x80 kernel/tools/process.o
                                         0x98 (松开之前的大小)
 .eh_frame      0x000000000001816c       0x20 lib/syslog.o
                                         0x38 (松开之前的大小)
 .eh_frame      0x000000000001818c       0x7c mm/main.o
                                         0x94 (松开之前的大小)
 .eh_frame      0x0000000000018208       0x90 mm/forkexit.o
                                         0xa8 (松开之前的大小)
 .eh_frame      0x0000000000018298       0x2c mm/exec.o
                                         0x44 (松开之前的大小)
 .eh_frame      0x00000000000182c4      0x174 fs/main.o
                                        0x18c (松开之前的大小)
 .eh_frame      0x0000000000018438      0x128 fs/open.o
                                        0x140 (松开之前的大小)
 .eh_frame      0x0000000000018560       0x70 fs/misc.o
                                         0x88 (松开之前的大小)
 .eh_frame      0x00000000000185d0       0x2c fs/read_write.o
                                         0x44 (松开之前的大小)
 .eh_frame      0x00000000000185fc       0x4c fs/link.o
                                         0x64 (松开之前的大小)
 .eh_frame      0x0000000000018648       0x60 fs/disklog.o
                                         0x78 (松开之前的大小)
 .eh_frame      0x00000000000186a8      0x158 graphics/main.o
                                        0x170 (松开之前的大小)
 .eh_frame      0x0000000000018800      0x1c0 graphics/graphics.o
                                        0x1d8 (松开之前的大小)
 .eh_frame      0x00000000000189c0      0x1b0 kernel/game/2048.o
                                        0x1c8 (松开之前的大小)
 .eh_frame      0x0000000000018b70      0x104 kernel/tools/calendar.o
                                        0x11c (松开之前的大小)
 .eh_frame      0x0000000000018c74       0xf0 kernel/game/tanchishe.o
                                        0x108 (松开之前的大小)
 .eh_frame      0x0000000000018d64      0x26c kernel/tools/calculator.o
                                        0x284 (松开之前的大小)
 .eh_frame      0x0000000000018fd0       0x40 lib/orangescrt.a(printf.o)
                                         0x58 (松开之前的大小)
 .eh_frame      0x0000000000019010       0x68 lib/orangescrt.a(vsprintf.o)
                                         0x80 (松开之前的大小)
 .eh_frame      0x0000000000019078       0xbc lib/orangescrt.a(misc.o)
                                         0xd4 (松开之前的大小)
 .eh_frame      0x0000000000019134       0x20 lib/orangescrt.a(open.o)
                                         0x38 (松开之前的大小)
 .eh_frame      0x0000000000019154       0x20 lib/orangescrt.a(read.o)
                                         0x38 (松开之前的大小)
 .eh_frame      0x0000000000019174       0x20 lib/orangescrt.a(write.o)
                                         0x38 (松开之前的大小)
 .eh_frame      0x0000000000019194       0x20 lib/orangescrt.a(close.o)
                                         0x38 (松开之前的大小)
 .eh_frame      0x00000000000191b4       0x20 lib/orangescrt.a(unlink.o)
                                         0x38 (松开之前的大小)
 .eh_frame      0x00000000000191d4       0x20 lib/orangescrt.a(lseek.o)
                                         0x38 (松开之前的大小)
 .eh_frame      0x00000000000191f4       0x20 lib/orangescrt.a(getpid.o)
                                         0x38 (松开之前的大小)
 .eh_frame      0x0000000000019214       0x20 lib/orangescrt.a(stat.o)
                                         0x38 (松开之前的大小)
 .eh_frame      0x0000000000019234       0x20 lib/orangescrt.a(fork.o)
                                         0x38 (松开之前的大小)
 .eh_frame      0x0000000000019254       0x20 lib/orangescrt.a(wait.o)
                                         0x38 (松开之前的大小)
 .eh_frame      0x0000000000019274       0x60 lib/orangescrt.a(exec.o)
                                         0x78 (松开之前的大小)
 .eh_frame      0x00000000000192d4      0x140 lib/orangescrt.a(graphics.o)
                                        0x158 (松开之前的大小)
 .eh_frame      0x0000000000019414       0x20 lib/orangescrt.a(kbhit.o)
                                         0x38 (松开之前的大小)

.gcc_except_table
 *(.gcc_except_table .gcc_except_table.*)

.exception_ranges
 *(.exception_ranges .exception_ranges*)
                0x0000000000019434                . = (ALIGN (0x1000) - ((0x1000 - .) & 0xfff))
                0x000000000001a000                . = DATA_SEGMENT_ALIGN (0x1000, 0x1000)

.eh_frame
 *(.eh_frame)

.gcc_except_table
 *(.gcc_except_table .gcc_except_table.*)

.exception_ranges
 *(.exception_ranges .exception_ranges*)

.tdata
 *(.tdata .tdata.* .gnu.linkonce.td.*)

.tbss
 *(.tbss .tbss.* .gnu.linkonce.tb.*)
 *(.tcommon)

.preinit_array  0x000000000001a000        0x0
                0x000000000001a000                PROVIDE (__preinit_array_start, .)
 *(.preinit_array)
                0x000000000001a000                PROVIDE (__preinit_array_end, .)

.init_array     0x000000000001a000        0x0
                0x000000000001a000                PROVIDE (__init_array_start, .)
 *(SORT(.init_array.*) SORT(.ctors.*))
 *(.init_array EXCLUDE_FILE(*crtend?.o *crtend.o *crtbegin?.o *crtbegin.o) .ctors)
                0x000000000001a000                PROVIDE (__init_array_end, .)

.fini_array     0x000000000001a000        0x0
                0x000000000001a000                PROVIDE (__fini_array_start, .)
 *(SORT(.fini_array.*) SORT(.dtors.*))
 *(.fini_array EXCLUDE_FILE(*crtend?.o *crtend.o *crtbegin?.o *crtbegin.o) .dtors)
                0x000000000001a000                PROVIDE (__fini_array_end, .)

.ctors
 *crtbegin.o(.ctors)
 *crtbegin?.o(.ctors)
 *(EXCLUDE_FILE(*crtend?.o *crtend.o) .ctors)
 *(SORT(.ctors.*))
 *(.ctors)

.dtors
 *crtbegin.o(.dtors)
 *crtbegin?.o(.dtors)
 *(EXCLUDE_FILE(*crtend?.o *crtend.o) .dtors)
 *(SORT(.dtors.*))
 *(.dtors)

.jcr
 *(.jcr)

.data.rel.ro
 *(.data.rel.ro.local* .gnu.linkonce.d.rel.ro.local.*)
 *(.data.rel.ro .data.rel.ro.* .gnu.linkonce.d.rel.ro.*)

.dynamic
 *(.dynamic)

.got
 *(.got)
 *(.igot)
                0x000000000001a000                . = DATA_SEGMENT_RELRO_END (., (SIZEOF (.got.plt) >= 0xc)?0xc:0x0)

.got.plt        0x000000000001a000        0x0
 *(.got.plt)
 *(.igot.plt)
 .igot.plt      0x0000000000000000        0x0 kernel/kernel.o

.data           0x000000000001a000     0x11ec
 *(.data .data.* .gnu.linkonce.d.*)
 .data          0x000000000001a000        0x2 kernel/kernel.o
 .data          0x000000000001a002        0x0 kernel/start.o
 .data          0x000000000001a002        0x0 kernel/main.o
 *fill*         0x000000000001a002        0x2 
 .data          0x000000000001a004        0x4 kernel/clock.o
                0x000000000001a004                randSeed
 *fill*         0x000000000001a008       0x18 
 .data          0x000000000001a020      0x600 kernel/keyboard.o
                0x000000000001a020                keymap
 .data          0x000000000001a620       0x22 kernel/tty.o
 .data          0x000000000001a642        0x0 kernel/console.o
 .data          0x000000000001a642        0x0 kernel/i8259.o
 *fill*         0x000000000001a642       0x1e 
 .data          0x000000000001a660      0x1d4 kernel/global.o
                0x000000000001a660                task_table
                0x000000000001a760                user_proc_table
                0x000000000001a800                sys_call_table
                0x000000000001a80c                dd_map
                0x000000000001a824                fsbuf
                0x000000000001a828                mmbuf
                0x000000000001a82c                logbuf
                0x000000000001a830                logdiskbuf
 .data          0x000000000001a834        0x0 kernel/protect.o
 .data          0x000000000001a834        0x0 kernel/proc.o
 .data          0x000000000001a834        0x0 kernel/systask.o
 .data          0x000000000001a834        0x0 kernel/hd.o
 .data          0x000000000001a834        0x0 kernel/klib.o
 .data          0x000000000001a834        0x0 kernel/tools/welcome.o
 *fill*         0x000000000001a834        0xc 
 .data          0x000000000001a840       0x80 kernel/tools/fs.o
                0x000000000001a840                currentFolder
 .data          0x000000000001a8c0       0x84 kernel/tools/user.o
                0x000000000001a8c0                currentUser
                0x000000000001a940                currentUserIndex
 .data          0x000000000001a944        0x0 kernel/tools/process.o
 .data          0x000000000001a944        0x0 lib/syslog.o
 .data          0x000000000001a944        0x0 mm/main.o
 .data          0x000000000001a944        0x0 mm/forkexit.o
 .data          0x000000000001a944        0x0 mm/exec.o
 .data          0x000000000001a944        0x0 fs/main.o
 .data          0x000000000001a944        0x0 fs/open.o
 .data          0x000000000001a944        0x0 fs/misc.o
 .data          0x000000000001a944        0x0 fs/read_write.o
 .data          0x000000000001a944        0x0 fs/link.o
 .data          0x000000000001a944        0x0 fs/disklog.o
 .data          0x000000000001a944        0x0 graphics/main.o
 *fill*         0x000000000001a944       0x1c 
 .data          0x000000000001a960      0x874 graphics/graphics.o
                0x000000000001a960                hankaku
                0x000000000001b160                table_rgb
                0x000000000001b1a0                table_gray
                0x000000000001b1d0                colorMode
 .data          0x000000000001b1d4        0x8 kernel/game/2048.o
 .data          0x000000000001b1dc        0x0 kernel/tools/calendar.o
 .data          0x000000000001b1dc        0x4 kernel/game/tanchishe.o
 .data          0x000000000001b1e0        0xc kernel/tools/calculator.o
                0x000000000001b1e0                flag
                0x000000000001b1e4                num_stack_top
                0x000000000001b1e8                op_stack_top
 .data          0x000000000001b1ec        0x0 lib/orangescrt.a(printf.o)
 .data          0x000000000001b1ec        0x0 lib/orangescrt.a(vsprintf.o)
 .data          0x000000000001b1ec        0x0 lib/orangescrt.a(misc.o)
 .data          0x000000000001b1ec        0x0 lib/orangescrt.a(open.o)
 .data          0x000000000001b1ec        0x0 lib/orangescrt.a(read.o)
 .data          0x000000000001b1ec        0x0 lib/orangescrt.a(write.o)
 .data          0x000000000001b1ec        0x0 lib/orangescrt.a(close.o)
 .data          0x000000000001b1ec        0x0 lib/orangescrt.a(unlink.o)
 .data          0x000000000001b1ec        0x0 lib/orangescrt.a(lseek.o)
 .data          0x000000000001b1ec        0x0 lib/orangescrt.a(getpid.o)
 .data          0x000000000001b1ec        0x0 lib/orangescrt.a(stat.o)
 .data          0x000000000001b1ec        0x0 lib/orangescrt.a(fork.o)
 .data          0x000000000001b1ec        0x0 lib/orangescrt.a(wait.o)
 .data          0x000000000001b1ec        0x0 lib/orangescrt.a(exec.o)
 .data          0x000000000001b1ec        0x0 lib/orangescrt.a(graphics.o)
 .data          0x000000000001b1ec        0x0 lib/orangescrt.a(kbhit.o)

.data1
 *(.data1)
                0x000000000001b1ec                _edata = .
                0x000000000001b1ec                PROVIDE (edata, .)
                0x000000000001b1ec                . = .
                0x000000000001b1ec                __bss_start = .

.bss            0x000000000001b200    0x2fbc4
 *(.dynbss)
 *(.bss .bss.* .gnu.linkonce.b.*)
 .bss           0x000000000001b200      0x800 kernel/kernel.o
 .bss           0x000000000001ba00        0x0 kernel/start.o
 .bss           0x000000000001ba00        0x0 kernel/main.o
 .bss           0x000000000001ba00        0x0 kernel/clock.o
 .bss           0x000000000001ba00       0x58 kernel/keyboard.o
 .bss           0x000000000001ba58        0x0 kernel/tty.o
 .bss           0x000000000001ba58        0x0 kernel/console.o
 .bss           0x000000000001ba58        0x0 kernel/i8259.o
 .bss           0x000000000001ba58        0x0 kernel/global.o
 .bss           0x000000000001ba58        0x0 kernel/protect.o
 .bss           0x000000000001ba58        0x0 kernel/proc.o
 .bss           0x000000000001ba58        0x0 kernel/systask.o
 *fill*         0x000000000001ba58        0x8 
 .bss           0x000000000001ba60      0x64c kernel/hd.o
 .bss           0x000000000001c0ac        0x0 kernel/klib.o
 .bss           0x000000000001c0ac        0x0 kernel/tools/welcome.o
 *fill*         0x000000000001c0ac       0x14 
 .bss           0x000000000001c0c0       0x84 kernel/tools/fs.o
                0x000000000001c0c0                filepath
                0x000000000001c140                fileCount
 .bss           0x000000000001c144        0x4 kernel/tools/user.o
                0x000000000001c144                usercount
 .bss           0x000000000001c148        0x0 kernel/tools/process.o
 .bss           0x000000000001c148        0x0 lib/syslog.o
 .bss           0x000000000001c148        0x0 mm/main.o
 .bss           0x000000000001c148        0x0 mm/forkexit.o
 .bss           0x000000000001c148        0x0 mm/exec.o
 .bss           0x000000000001c148        0x0 fs/main.o
 .bss           0x000000000001c148        0x0 fs/open.o
 .bss           0x000000000001c148        0x0 fs/misc.o
 .bss           0x000000000001c148        0x0 fs/read_write.o
 .bss           0x000000000001c148        0x0 fs/link.o
 *fill*         0x000000000001c148       0x18 
 .bss           0x000000000001c160      0x208 fs/disklog.o
 .bss           0x000000000001c368        0x0 graphics/main.o
 .bss           0x000000000001c368        0x0 graphics/graphics.o
 *fill*         0x000000000001c368       0x18 
 .bss           0x000000000001c380       0x54 kernel/game/2048.o
 .bss           0x000000000001c3d4        0x0 kernel/tools/calendar.o
 *fill*         0x000000000001c3d4        0xc 
 .bss           0x000000000001c3e0      0x660 kernel/game/tanchishe.o
 .bss           0x000000000001ca40      0x5a8 kernel/tools/calculator.o
                0x000000000001ca40                str
                0x000000000001cbe0                num_stack
                0x000000000001cf00                left
                0x000000000001cf04                right
                0x000000000001cf20                op_stack
 .bss           0x000000000001cfe8        0x0 lib/orangescrt.a(printf.o)
 .bss           0x000000000001cfe8        0x0 lib/orangescrt.a(vsprintf.o)
 .bss           0x000000000001cfe8        0x0 lib/orangescrt.a(misc.o)
 .bss           0x000000000001cfe8        0x0 lib/orangescrt.a(open.o)
 .bss           0x000000000001cfe8        0x0 lib/orangescrt.a(read.o)
 .bss           0x000000000001cfe8        0x0 lib/orangescrt.a(write.o)
 .bss           0x000000000001cfe8        0x0 lib/orangescrt.a(close.o)
 .bss           0x000000000001cfe8        0x0 lib/orangescrt.a(unlink.o)
 .bss           0x000000000001cfe8        0x0 lib/orangescrt.a(lseek.o)
 .bss           0x000000000001cfe8        0x0 lib/orangescrt.a(getpid.o)
 .bss           0x000000000001cfe8        0x0 lib/orangescrt.a(stat.o)
 .bss           0x000000000001cfe8        0x0 lib/orangescrt.a(fork.o)
 .bss           0x000000000001cfe8        0x0 lib/orangescrt.a(wait.o)
 .bss           0x000000000001cfe8        0x0 lib/orangescrt.a(exec.o)
 .bss           0x000000000001cfe8        0x0 lib/orangescrt.a(graphics.o)
 .bss           0x000000000001cfe8        0x0 lib/orangescrt.a(kbhit.o)
 *(COMMON)
 *fill*         0x000000000001cfe8       0x18 
 COMMON         0x000000000001d000    0x2c9b0 kernel/global.o
                0x000000000001d000                idt_ptr
                0x000000000001d020                graphics_msg
                0x000000000001d060                inode_table
                0x000000000001db60                task_stack
                0x0000000000041b60                k_reenter
                0x0000000000041b80                gdt
                0x0000000000041f80                current_console
                0x0000000000041f84                pcaller
                0x0000000000041fa0                tty_table
                0x00000000000445c0                tss
                0x0000000000044640                fs_msg
                0x0000000000044670                memory_size
                0x0000000000044680                f_desc_table
                0x0000000000044a80                root_inode
                0x0000000000044a84                disp_pos
                0x0000000000044aa0                mm_msg
                0x0000000000044ad0                key_pressed
                0x0000000000044ad4                gdt_ptr
                0x0000000000044ae0                idt
                0x00000000000452e0                super_block
                0x00000000000454c0                ticks
                0x00000000000454e0                console_table
                0x0000000000045a60                irq_table
                0x0000000000045aa0                p_proc_ready
                0x0000000000045ac0                proc_table
 COMMON         0x00000000000499b0       0x10 kernel/hd.o
                0x00000000000499b0                PARTITION_ENTRY
 COMMON         0x00000000000499c0      0xa00 kernel/tools/fs.o
                0x00000000000499c0                files
 COMMON         0x000000000004a3c0      0xa00 kernel/tools/user.o
                0x000000000004a3c0                users
 COMMON         0x000000000004adc0        0x0 graphics/main.o
 COMMON         0x000000000004adc0        0x4 kernel/game/tanchishe.o
                0x000000000004adc0                Dir
                0x000000000004adc4                . = ALIGN ((. != 0x0)?0x4:0x1)
                0x000000000004adc4                . = ALIGN (0x4)
                0x000000000004adc4                . = SEGMENT_START ("ldata-segment", .)
                0x000000000004adc4                . = ALIGN (0x4)
                0x000000000004adc4                _end = .
                0x000000000004adc4                PROVIDE (end, .)
                0x000000000004adc4                . = DATA_SEGMENT_END (.)

.stab
 *(.stab)

.stabstr
 *(.stabstr)

.stab.excl
 *(.stab.excl)

.stab.exclstr
 *(.stab.exclstr)

.stab.index
 *(.stab.index)

.stab.indexstr
 *(.stab.indexstr)

.comment        0x0000000000000000       0x2b
 *(.comment)
 .comment       0x0000000000000000       0x2b kernel/start.o
                                         0x2c (松开之前的大小)
 .comment       0x0000000000000000       0x2c kernel/main.o
 .comment       0x0000000000000000       0x2c kernel/clock.o
 .comment       0x0000000000000000       0x2c kernel/keyboard.o
 .comment       0x0000000000000000       0x2c kernel/tty.o
 .comment       0x0000000000000000       0x2c kernel/console.o
 .comment       0x0000000000000000       0x2c kernel/i8259.o
 .comment       0x0000000000000000       0x2c kernel/global.o
 .comment       0x0000000000000000       0x2c kernel/protect.o
 .comment       0x0000000000000000       0x2c kernel/proc.o
 .comment       0x0000000000000000       0x2c kernel/systask.o
 .comment       0x0000000000000000       0x2c kernel/hd.o
 .comment       0x0000000000000000       0x2c kernel/klib.o
 .comment       0x0000000000000000       0x2c kernel/tools/welcome.o
 .comment       0x0000000000000000       0x2c kernel/tools/fs.o
 .comment       0x0000000000000000       0x2c kernel/tools/user.o
 .comment       0x0000000000000000       0x2c kernel/tools/process.o
 .comment       0x0000000000000000       0x2c lib/syslog.o
 .comment       0x0000000000000000       0x2c mm/main.o
 .comment       0x0000000000000000       0x2c mm/forkexit.o
 .comment       0x0000000000000000       0x2c mm/exec.o
 .comment       0x0000000000000000       0x2c fs/main.o
 .comment       0x0000000000000000       0x2c fs/open.o
 .comment       0x0000000000000000       0x2c fs/misc.o
 .comment       0x0000000000000000       0x2c fs/read_write.o
 .comment       0x0000000000000000       0x2c fs/link.o
 .comment       0x0000000000000000       0x2c fs/disklog.o
 .comment       0x0000000000000000       0x2c graphics/main.o
 .comment       0x0000000000000000       0x2c graphics/graphics.o
 .comment       0x0000000000000000       0x2c kernel/game/2048.o
 .comment       0x0000000000000000       0x2c kernel/tools/calendar.o
 .comment       0x0000000000000000       0x2c kernel/game/tanchishe.o
 .comment       0x0000000000000000       0x2c kernel/tools/calculator.o
 .comment       0x0000000000000000       0x2c lib/orangescrt.a(printf.o)
 .comment       0x0000000000000000       0x2c lib/orangescrt.a(vsprintf.o)
 .comment       0x0000000000000000       0x2c lib/orangescrt.a(misc.o)
 .comment       0x0000000000000000       0x2c lib/orangescrt.a(open.o)
 .comment       0x0000000000000000       0x2c lib/orangescrt.a(read.o)
 .comment       0x0000000000000000       0x2c lib/orangescrt.a(write.o)
 .comment       0x0000000000000000       0x2c lib/orangescrt.a(close.o)
 .comment       0x0000000000000000       0x2c lib/orangescrt.a(unlink.o)
 .comment       0x0000000000000000       0x2c lib/orangescrt.a(lseek.o)
 .comment       0x0000000000000000       0x2c lib/orangescrt.a(getpid.o)
 .comment       0x0000000000000000       0x2c lib/orangescrt.a(stat.o)
 .comment       0x0000000000000000       0x2c lib/orangescrt.a(fork.o)
 .comment       0x0000000000000000       0x2c lib/orangescrt.a(wait.o)
 .comment       0x0000000000000000       0x2c lib/orangescrt.a(exec.o)
 .comment       0x0000000000000000       0x2c lib/orangescrt.a(graphics.o)
 .comment       0x0000000000000000       0x2c lib/orangescrt.a(kbhit.o)

.debug
 *(.debug)

.line
 *(.line)

.debug_srcinfo
 *(.debug_srcinfo)

.debug_sfnames
 *(.debug_sfnames)

.debug_aranges
 *(.debug_aranges)

.debug_pubnames
 *(.debug_pubnames)

.debug_info
 *(.debug_info .gnu.linkonce.wi.*)

.debug_abbrev
 *(.debug_abbrev)

.debug_line
 *(.debug_line .debug_line.* .debug_line_end)

.debug_frame
 *(.debug_frame)

.debug_str
 *(.debug_str)

.debug_loc
 *(.debug_loc)

.debug_macinfo
 *(.debug_macinfo)

.debug_weaknames
 *(.debug_weaknames)

.debug_funcnames
 *(.debug_funcnames)

.debug_typenames
 *(.debug_typenames)

.debug_varnames
 *(.debug_varnames)

.debug_pubtypes
 *(.debug_pubtypes)

.debug_ranges
 *(.debug_ranges)

.debug_macro
 *(.debug_macro)

.gnu.attributes
 *(.gnu.attributes)

/DISCARD/
 *(.note.GNU-stack)
 *(.gnu_debuglink)
 *(.gnu.lto_*)
OUTPUT(kernel.bin elf32-i386)
