Archive member included to satisfy reference by file (symbol)

lib/orangescrt.a(printf.o)    kernel/main.o (printf)
lib/orangescrt.a(vsprintf.o)  kernel/main.o (vsprintf)
lib/orangescrt.a(string.o)    kernel/start.o (memcpy)
lib/orangescrt.a(misc.o)      kernel/main.o (send_recv)
lib/orangescrt.a(open.o)      kernel/main.o (open)
lib/orangescrt.a(read.o)      kernel/main.o (read)
lib/orangescrt.a(write.o)     kernel/main.o (write)
lib/orangescrt.a(close.o)     kernel/main.o (close)
lib/orangescrt.a(lseek.o)     kernel/main.o (lseek)
lib/orangescrt.a(getpid.o)    fs/disklog.o (getpid)
lib/orangescrt.a(stat.o)      mm/exec.o (stat)
lib/orangescrt.a(fork.o)      kernel/main.o (fork)
lib/orangescrt.a(wait.o)      kernel/main.o (wait)
lib/orangescrt.a(exec.o)      kernel/main.o (execv)
lib/orangescrt.a(graphics.o)  kernel/main.o (drawBMP)
lib/orangescrt.a(syscall.o)   lib/orangescrt.a(misc.o) (sendrec)

分配公共符号
公共符号            大小              文件

filequeue           0xc8              kernel/tools/fs.o
idt_ptr             0x6               kernel/global.o
graphics_msg        0x30              kernel/global.o
inode_table         0xb00             kernel/global.o
task_stack          0x24000           kernel/global.o
k_reenter           0x4               kernel/global.o
gdt                 0x400             kernel/global.o
current_console     0x4               kernel/global.o
pcaller             0x4               kernel/global.o
tty_table           0x2610            kernel/global.o
tss                 0x68              kernel/global.o
fs_msg              0x30              kernel/global.o
memory_size         0x4               kernel/global.o
f_desc_table        0x400             kernel/global.o
root_inode          0x4               kernel/global.o
disp_pos            0x4               kernel/global.o
files               0xa00             kernel/tools/fs.o
mm_msg              0x30              kernel/global.o
Dir                 0x4               kernel/game/tanchishe.o
key_pressed         0x4               kernel/global.o
gdt_ptr             0x6               kernel/global.o
users               0xa00             kernel/tools/user.o
idt                 0x800             kernel/global.o
super_block         0x1e0             kernel/global.o
PARTITION_ENTRY     0x10              kernel/hd.o
ticks               0x4               kernel/global.o
console_table       0x564             kernel/global.o
userfiles           0xa00             kernel/tools/fs.o
irq_table           0x40              kernel/global.o
p_proc_ready        0x4               kernel/global.o
proc_table          0x3ef0            kernel/global.o

舍弃的输入节

 .note.GNU-stack
                0x0000000000000000        0x0 kernel/start.o
 .note.GNU-stack
                0x0000000000000000        0x0 kernel/main.o
 .note.GNU-stack
                0x0000000000000000        0x0 kernel/clock.o
 .note.GNU-stack
                0x0000000000000000        0x0 kernel/keyboard.o
 .note.GNU-stack
                0x0000000000000000        0x0 kernel/tty.o
 .note.GNU-stack
                0x0000000000000000        0x0 kernel/console.o
 .note.GNU-stack
                0x0000000000000000        0x0 kernel/i8259.o
 .note.GNU-stack
                0x0000000000000000        0x0 kernel/global.o
 .note.GNU-stack
                0x0000000000000000        0x0 kernel/protect.o
 .note.GNU-stack
                0x0000000000000000        0x0 kernel/proc.o
 .note.GNU-stack
                0x0000000000000000        0x0 kernel/systask.o
 .note.GNU-stack
                0x0000000000000000        0x0 kernel/hd.o
 .note.GNU-stack
                0x0000000000000000        0x0 kernel/klib.o
 .note.GNU-stack
                0x0000000000000000        0x0 kernel/tools/welcome.o
 .note.GNU-stack
                0x0000000000000000        0x0 kernel/tools/fs.o
 .note.GNU-stack
                0x0000000000000000        0x0 kernel/tools/user.o
 .note.GNU-stack
                0x0000000000000000        0x0 kernel/tools/process.o
 .note.GNU-stack
                0x0000000000000000        0x0 lib/syslog.o
 .note.GNU-stack
                0x0000000000000000        0x0 mm/main.o
 .note.GNU-stack
                0x0000000000000000        0x0 mm/forkexit.o
 .note.GNU-stack
                0x0000000000000000        0x0 mm/exec.o
 .note.GNU-stack
                0x0000000000000000        0x0 fs/main.o
 .note.GNU-stack
                0x0000000000000000        0x0 fs/open.o
 .note.GNU-stack
                0x0000000000000000        0x0 fs/misc.o
 .note.GNU-stack
                0x0000000000000000        0x0 fs/read_write.o
 .note.GNU-stack
                0x0000000000000000        0x0 fs/link.o
 .note.GNU-stack
                0x0000000000000000        0x0 fs/disklog.o
 .note.GNU-stack
                0x0000000000000000        0x0 graphics/main.o
 .note.GNU-stack
                0x0000000000000000        0x0 graphics/graphics.o
 .note.GNU-stack
                0x0000000000000000        0x0 kernel/game/2048.o
 .note.GNU-stack
                0x0000000000000000        0x0 kernel/tools/calendar.o
 .note.GNU-stack
                0x0000000000000000        0x0 kernel/game/tanchishe.o
 .note.GNU-stack
                0x0000000000000000        0x0 lib/orangescrt.a(printf.o)
 .note.GNU-stack
                0x0000000000000000        0x0 lib/orangescrt.a(vsprintf.o)
 .note.GNU-stack
                0x0000000000000000        0x0 lib/orangescrt.a(misc.o)
 .note.GNU-stack
                0x0000000000000000        0x0 lib/orangescrt.a(open.o)
 .note.GNU-stack
                0x0000000000000000        0x0 lib/orangescrt.a(read.o)
 .note.GNU-stack
                0x0000000000000000        0x0 lib/orangescrt.a(write.o)
 .note.GNU-stack
                0x0000000000000000        0x0 lib/orangescrt.a(close.o)
 .note.GNU-stack
                0x0000000000000000        0x0 lib/orangescrt.a(lseek.o)
 .note.GNU-stack
                0x0000000000000000        0x0 lib/orangescrt.a(getpid.o)
 .note.GNU-stack
                0x0000000000000000        0x0 lib/orangescrt.a(stat.o)
 .note.GNU-stack
                0x0000000000000000        0x0 lib/orangescrt.a(fork.o)
 .note.GNU-stack
                0x0000000000000000        0x0 lib/orangescrt.a(wait.o)
 .note.GNU-stack
                0x0000000000000000        0x0 lib/orangescrt.a(exec.o)
 .note.GNU-stack
                0x0000000000000000        0x0 lib/orangescrt.a(graphics.o)

内存配置

名称           来源             长度             属性
*default*        0x0000000000000000 0xffffffffffffffff

链结器命令稿和内存映射

段 .text 的地址设置为 0x1000
LOAD kernel/kernel.o
LOAD kernel/start.o
LOAD kernel/main.o
LOAD kernel/clock.o
LOAD kernel/keyboard.o
LOAD kernel/tty.o
LOAD kernel/console.o
LOAD kernel/i8259.o
LOAD kernel/global.o
LOAD kernel/protect.o
LOAD kernel/proc.o
LOAD kernel/systask.o
LOAD kernel/hd.o
LOAD kernel/kliba.o
LOAD kernel/klib.o
LOAD kernel/tools/welcome.o
LOAD kernel/tools/fs.o
LOAD kernel/tools/user.o
LOAD kernel/tools/process.o
LOAD lib/syslog.o
LOAD mm/main.o
LOAD mm/forkexit.o
LOAD mm/exec.o
LOAD fs/main.o
LOAD fs/open.o
LOAD fs/misc.o
LOAD fs/read_write.o
LOAD fs/link.o
LOAD fs/disklog.o
LOAD graphics/main.o
LOAD graphics/graphics.o
LOAD kernel/game/2048.o
LOAD kernel/tools/calendar.o
LOAD kernel/game/tanchishe.o
LOAD lib/orangescrt.a
                0x0000000008048000                PROVIDE (__executable_start, 0x8048000)
                0x0000000008048094                . = (0x8048000 + SIZEOF_HEADERS)

.interp
 *(.interp)

.note.gnu.build-id
 *(.note.gnu.build-id)

.hash
 *(.hash)

.gnu.hash
 *(.gnu.hash)

.dynsym
 *(.dynsym)

.dynstr
 *(.dynstr)

.gnu.version
 *(.gnu.version)

.gnu.version_d
 *(.gnu.version_d)

.gnu.version_r
 *(.gnu.version_r)

.rel.dyn        0x0000000008048094        0x0
 *(.rel.init)
 *(.rel.text .rel.text.* .rel.gnu.linkonce.t.*)
 .rel.text      0x0000000000000000        0x0 kernel/kernel.o
 *(.rel.fini)
 *(.rel.rodata .rel.rodata.* .rel.gnu.linkonce.r.*)
 *(.rel.data.rel.ro .rel.data.rel.ro.* .rel.gnu.linkonce.d.rel.ro.*)
 *(.rel.data .rel.data.* .rel.gnu.linkonce.d.*)
 .rel.data      0x0000000000000000        0x0 kernel/kernel.o
 *(.rel.tdata .rel.tdata.* .rel.gnu.linkonce.td.*)
 *(.rel.tbss .rel.tbss.* .rel.gnu.linkonce.tb.*)
 *(.rel.ctors)
 *(.rel.dtors)
 *(.rel.got)
 *(.rel.bss .rel.bss.* .rel.gnu.linkonce.b.*)
 *(.rel.ifunc)

.rel.plt        0x0000000008048094        0x0
 *(.rel.plt)
                0x0000000008048094                PROVIDE (__rel_iplt_start, .)
 *(.rel.iplt)
 .rel.iplt      0x0000000000000000        0x0 kernel/kernel.o
                0x0000000008048094                PROVIDE (__rel_iplt_end, .)

.init
 *(SORT(.init))

.plt            0x00000000080480a0        0x0
 *(.plt)
 *(.iplt)
 .iplt          0x0000000000000000        0x0 kernel/kernel.o

.text           0x0000000000001000    0x11528
 *(.text.unlikely .text.*_unlikely .text.unlikely.*)
 *(.text.exit .text.exit.*)
 *(.text.startup .text.startup.*)
 *(.text.hot .text.hot.*)
 *(.text .stub .text.* .gnu.linkonce.t.*)
 .text          0x0000000000001000      0x410 kernel/kernel.o
                0x0000000000001000                _start
                0x0000000000001040                hwint00
                0x0000000000001070                hwint01
                0x00000000000010a0                hwint02
                0x00000000000010d0                hwint03
                0x0000000000001100                hwint04
                0x0000000000001130                hwint05
                0x0000000000001160                hwint06
                0x0000000000001190                hwint07
                0x00000000000011c0                hwint08
                0x00000000000011f0                hwint09
                0x0000000000001220                hwint10
                0x0000000000001250                hwint11
                0x0000000000001280                hwint12
                0x00000000000012b0                hwint13
                0x00000000000012e0                hwint14
                0x0000000000001310                hwint15
                0x0000000000001334                divide_error
                0x000000000000133a                single_step_exception
                0x0000000000001340                nmi
                0x0000000000001346                breakpoint_exception
                0x000000000000134c                overflow
                0x0000000000001352                bounds_check
                0x0000000000001358                inval_opcode
                0x000000000000135e                copr_not_available
                0x0000000000001364                double_fault
                0x0000000000001368                copr_seg_overrun
                0x000000000000136e                inval_tss
                0x0000000000001372                segment_not_present
                0x0000000000001376                stack_exception
                0x000000000000137a                general_protection
                0x000000000000137e                page_fault
                0x0000000000001382                copr_error
                0x00000000000013cb                sys_call
                0x00000000000013eb                restart
 .text          0x0000000000001410       0x8e kernel/start.o
                0x0000000000001410                cstart
 .text          0x000000000000149e      0xd65 kernel/main.o
                0x000000000000149e                kernel_main
                0x00000000000017f5                get_ticks
                0x000000000000182d                untar
                0x0000000000001b02                shabby_shell
                0x0000000000002064                Init
                0x00000000000021a4                TestA
                0x00000000000021a9                TestB
                0x00000000000021ae                TestC
                0x00000000000021b3                panic
 .text          0x0000000000002203      0x207 kernel/clock.o
                0x0000000000002203                clock_handler
                0x00000000000022f0                milli_delay
                0x0000000000002329                init_clock
                0x000000000000238d                time
                0x00000000000023bc                srand
                0x00000000000023c9                rand
 .text          0x000000000000240a      0x6cf kernel/keyboard.o
                0x000000000000240a                keyboard_handler
                0x0000000000002470                init_keyboard
                0x000000000000251f                keyboard_read
 .text          0x0000000000002ad9      0xeb0 kernel/tty.o
                0x0000000000002ad9                task_tty
                0x0000000000002cce                in_process
                0x0000000000003690                sys_printx
                0x0000000000003832                dump_tty_buf
 .text          0x0000000000003989      0xa03 kernel/console.o
                0x0000000000003989                init_screen
                0x0000000000003aad                out_char
                0x0000000000003ebf                putfont
                0x0000000000003fa9                is_current_console
                0x0000000000004099                select_console
                0x00000000000040b6                scroll_screen
 .text          0x000000000000438c      0x13c kernel/i8259.o
                0x000000000000438c                init_8259A
                0x000000000000447d                spurious_irq
                0x00000000000044a8                put_irq_handler
 .text          0x00000000000044c8        0x0 kernel/global.o
 .text          0x00000000000044c8      0x842 kernel/protect.o
                0x00000000000044c8                init_prot
                0x0000000000004b22                seg2linear
                0x0000000000004b71                init_desc
                0x0000000000004bdd                exception_handler
 .text          0x0000000000004d0a     0x1967 kernel/proc.o
                0x0000000000004d0a                schedule
                0x0000000000004d9b                sys_sendrec
                0x0000000000004efa                ldt_seg_linear
                0x0000000000004f44                va2la
                0x0000000000004fb3                reset_msg
                0x0000000000006004                inform_int
                0x00000000000061c1                dump_proc
                0x000000000000652a                dump_msg
 .text          0x0000000000006671      0x2cf kernel/systask.o
                0x0000000000006671                task_sys
 .text          0x0000000000006940      0xd88 kernel/hd.o
                0x0000000000006940                task_hd
                0x00000000000076a3                hd_handler
 *fill*         0x00000000000076c8        0x8 
 .text          0x00000000000076d0      0x1e9 kernel/kliba.o
                0x00000000000076d0                io_hlt
                0x00000000000076d2                io_cli
                0x00000000000076d4                io_sti
                0x00000000000076d6                io_stihlt
                0x00000000000076d9                io_in8
                0x00000000000076e4                io_in16
                0x00000000000076f0                io_in32
                0x00000000000076f6                io_out8
                0x000000000000770b                io_out32
                0x0000000000007715                io_load_eflags
                0x0000000000007718                io_store_eflags
                0x000000000000771f                disp_str
                0x000000000000775d                disp_color_str
                0x000000000000779c                out_byte
                0x00000000000077a8                in_byte
                0x00000000000077b2                port_read
                0x00000000000077c5                port_write
                0x00000000000077d8                disable_irq
                0x000000000000780d                enable_irq
                0x000000000000782c                disable_int
                0x000000000000782e                enable_int
                0x0000000000007830                glitter
 .text          0x00000000000078b9      0x426 kernel/klib.o
                0x00000000000078b9                get_boot_params
                0x0000000000007959                get_kernel_map
                0x0000000000007a75                itoa
                0x0000000000007b20                disp_int
                0x0000000000007b45                delay
                0x0000000000007b8b                isspace
                0x0000000000007bb7                isdigit
                0x0000000000007bdd                atoi
                0x0000000000007ca3                readint
 .text          0x0000000000007cdf       0x97 kernel/tools/welcome.o
                0x0000000000007cdf                welcome
 .text          0x0000000000007d76      0x27c kernel/tools/fs.o
                0x0000000000007d76                editCover
                0x0000000000007e73                editAppand
 .text          0x0000000000007ff2      0xd7b kernel/tools/user.o
                0x0000000000007ff2                vertify
                0x000000000000801c                initUsers
                0x00000000000083fa                searchUser
                0x0000000000008459                login
                0x0000000000008699                showUsers
                0x0000000000008713                addUser
                0x0000000000008848                delUser
                0x00000000000089ac                updateUsers
                0x0000000000008ab2                passwd
                0x0000000000008b4a                modifyPassword
                0x0000000000008cd3                sudo
 .text          0x0000000000008d6d      0x2db kernel/tools/process.o
                0x0000000000008d6d                showProcess
                0x0000000000008f04                killpro
                0x0000000000008f70                pausepro
                0x0000000000008fdc                resume
 .text          0x0000000000009048       0x75 lib/syslog.o
                0x0000000000009048                syslog
 .text          0x00000000000090bd      0x1d6 mm/main.o
                0x00000000000090bd                task_mm
                0x0000000000009203                alloc_mem
                0x0000000000009289                free_mem
 .text          0x0000000000009293      0x629 mm/forkexit.o
                0x0000000000009293                do_fork
                0x0000000000009632                do_exit
                0x0000000000009800                do_wait
 .text          0x00000000000098bc      0x392 mm/exec.o
                0x00000000000098bc                do_exec
 .text          0x0000000000009c4e     0x12b3 fs/main.o
                0x0000000000009c4e                task_fs
                0x000000000000a89f                rw_sector
                0x000000000000aad9                get_super_block
                0x000000000000ab1f                get_inode
                0x000000000000ac8d                put_inode
                0x000000000000acd2                sync_inode
 .text          0x000000000000af01      0xc07 fs/open.o
                0x000000000000af01                do_open
                0x000000000000b43a                do_close
                0x000000000000b4b1                do_lseek
 .text          0x000000000000bb08      0x3f6 fs/misc.o
                0x000000000000bb08                do_stat
                0x000000000000bcf9                search_file
                0x000000000000be72                strip_path
 .text          0x000000000000befe      0x538 fs/read_write.o
                0x000000000000befe                do_rdwt
 .text          0x000000000000c436      0x98d fs/link.o
                0x000000000000c436                convert_to_absolute
                0x000000000000c4cd                do_unlink
 .text          0x000000000000cdc3     0x215a fs/disklog.o
                0x000000000000cdc3                disklog
                0x000000000000d409                dump_fd_graph
 .text          0x000000000000ef1d      0x637 graphics/main.o
                0x000000000000ef1d                task_graphics
                0x000000000000f032                do_drawBMP
                0x000000000000f0da                do_topBar
                0x000000000000f187                do_clear
                0x000000000000f194                do_drawFont
                0x000000000000f25b                do_drawPixel
                0x000000000000f295                do_drawBox
                0x000000000000f2e6                do_drawLine
                0x000000000000f3fc                do_drawCircle
                0x000000000000f522                do_changeColorMode
 .text          0x000000000000f554      0x682 graphics/graphics.o
                0x000000000000f554                init_graphics
                0x000000000000f566                init_palette
                0x000000000000f58b                grayPalette
                0x000000000000f5b0                colorPalette
                0x000000000000f5d5                clearScreen
                0x000000000000f611                readBMP
                0x000000000000f7dd                set_palette
                0x000000000000f883                boxfill8
                0x000000000000f8eb                updateTopbar
                0x000000000000f99f                clearFonts
                0x000000000000f9db                putfont8
                0x000000000000fae2                putfonts8_char
                0x000000000000fb21                putfonts8_asc
                0x000000000000fb74                pixel
 .text          0x000000000000fbd6      0xe04 kernel/game/2048.o
                0x000000000000fbd6                run2048
                0x000000000000fbe3                loop_game
                0x000000000000fd38                reset_game
                0x000000000000fdef                add_rand_num
                0x000000000000febf                get_null_count
                0x000000000000ff15                check_game_over
                0x000000000000ffc2                move_left
                0x0000000000010199                move_right
                0x0000000000010370                move_up
                0x0000000000010540                move_down
                0x0000000000010717                refresh_screen
                0x00000000000109b4                init_game
                0x00000000000109c1                release_game
 .text          0x00000000000109da      0x5cb kernel/tools/calendar.o
                0x00000000000109da                runcalendar
                0x0000000000010a43                is_leap
                0x0000000000010aa7                day_count
                0x0000000000010b14                total_day
                0x0000000000010b56                weekday
                0x0000000000010c01                print_weekday
                0x0000000000010db3                print_month
                0x0000000000010eed                print_total_day
 .text          0x0000000000010fa5      0x68d kernel/game/tanchishe.o
                0x0000000000011386                logic
                0x0000000000011616                runtanchishe
 .text          0x0000000000011632       0xc0 lib/orangescrt.a(printf.o)
                0x0000000000011632                printf
                0x00000000000116b1                printl
 .text          0x00000000000116f2      0x318 lib/orangescrt.a(vsprintf.o)
                0x0000000000011755                vsprintf
                0x00000000000119e0                sprintf
 *fill*         0x0000000000011a0a        0x6 
 .text          0x0000000000011a10       0x78 lib/orangescrt.a(string.o)
                0x0000000000011a10                memcpy
                0x0000000000011a39                memset
                0x0000000000011a5a                strcpy
                0x0000000000011a72                strlen
 .text          0x0000000000011a88      0x288 lib/orangescrt.a(misc.o)
                0x0000000000011a88                send_recv
                0x0000000000011b68                memcmp
                0x0000000000011bde                strcmp
                0x0000000000011c50                strcat
                0x0000000000011caf                spin
                0x0000000000011cca                assertion_failure
 .text          0x0000000000011d10       0x73 lib/orangescrt.a(open.o)
                0x0000000000011d10                open
 .text          0x0000000000011d83       0x3f lib/orangescrt.a(read.o)
                0x0000000000011d83                read
 .text          0x0000000000011dc2       0x3f lib/orangescrt.a(write.o)
                0x0000000000011dc2                write
 .text          0x0000000000011e01       0x33 lib/orangescrt.a(close.o)
                0x0000000000011e01                close
 .text          0x0000000000011e34       0x3f lib/orangescrt.a(lseek.o)
                0x0000000000011e34                lseek
 .text          0x0000000000011e73       0x59 lib/orangescrt.a(getpid.o)
                0x0000000000011e73                getpid
 .text          0x0000000000011ecc       0x73 lib/orangescrt.a(stat.o)
                0x0000000000011ecc                stat
 .text          0x0000000000011f3f       0x84 lib/orangescrt.a(fork.o)
                0x0000000000011f3f                fork
 .text          0x0000000000011fc3       0x44 lib/orangescrt.a(wait.o)
                0x0000000000011fc3                wait
 .text          0x0000000000012007      0x263 lib/orangescrt.a(exec.o)
                0x0000000000012007                exec
                0x0000000000012082                execl
                0x00000000000120a8                execv
 .text          0x000000000001226a      0x288 lib/orangescrt.a(graphics.o)
                0x000000000001226a                drawBMP
                0x00000000000122ab                topBar
                0x00000000000122ec                clearAll
                0x0000000000012316                changeColorMode
                0x0000000000012340                drawFont
                0x0000000000012397                drawPixel
                0x00000000000123dd                drawBox
                0x000000000001242c                drawLine
                0x000000000001247b                drawCircle
                0x00000000000124c4                clear
 *fill*         0x00000000000124f2        0xe 
 .text          0x0000000000012500       0x28 lib/orangescrt.a(syscall.o)
                0x0000000000012500                sendrec
                0x000000000001251a                printx
 *(.gnu.warning)

.fini
 *(SORT(.fini))
                0x0000000000012528                PROVIDE (__etext, .)
                0x0000000000012528                PROVIDE (_etext, .)
                0x0000000000012528                PROVIDE (etext, .)

.rodata         0x0000000000012540     0x2fe5
 *(.rodata .rodata.* .gnu.linkonce.r.*)
 .rodata        0x0000000000012540       0x47 kernel/start.o
 *fill*         0x0000000000012587        0x1 
 .rodata        0x0000000000012588      0x288 kernel/main.o
 .rodata        0x0000000000012810       0x64 kernel/keyboard.o
 .rodata        0x0000000000012874      0x184 kernel/tty.o
 .rodata        0x00000000000129f8       0x5b kernel/console.o
 .rodata        0x0000000000012a53       0x11 kernel/i8259.o
 .rodata        0x0000000000012a64       0x10 kernel/global.o
                0x0000000000012a64                FSBUF_SIZE
                0x0000000000012a68                MMBUF_SIZE
                0x0000000000012a6c                LOGBUF_SIZE
                0x0000000000012a70                LOGDISKBUF_SIZE
 *fill*         0x0000000000012a74        0xc 
 .rodata        0x0000000000012a80      0x580 kernel/protect.o
 .rodata        0x0000000000013000      0x5da kernel/proc.o
 .rodata        0x00000000000135da       0x11 kernel/systask.o
 *fill*         0x00000000000135eb        0x1 
 .rodata        0x00000000000135ec      0x15c kernel/hd.o
 .rodata        0x0000000000013748       0x6a kernel/klib.o
 .rodata        0x00000000000137b2        0xb kernel/tools/welcome.o
 *fill*         0x00000000000137bd        0x3 
 .rodata        0x00000000000137c0       0x24 kernel/tools/fs.o
 .rodata        0x00000000000137e4      0x1ec kernel/tools/user.o
 .rodata        0x00000000000139d0       0xb4 kernel/tools/process.o
 .rodata        0x0000000000013a84       0x1e lib/syslog.o
 *fill*         0x0000000000013aa2        0x2 
 .rodata        0x0000000000013aa4       0xb1 mm/main.o
 *fill*         0x0000000000013b55        0x3 
 .rodata        0x0000000000013b58       0xe7 mm/forkexit.o
 *fill*         0x0000000000013c3f        0x1 
 .rodata        0x0000000000013c40       0xa4 mm/exec.o
 .rodata        0x0000000000013ce4      0x2ce fs/main.o
 *fill*         0x0000000000013fb2        0x2 
 .rodata        0x0000000000013fb4      0x198 fs/open.o
 .rodata        0x000000000001414c       0x60 fs/misc.o
 .rodata        0x00000000000141ac      0x164 fs/read_write.o
 .rodata        0x0000000000014310      0x1ad fs/link.o
 *fill*         0x00000000000144bd        0x3 
 .rodata        0x00000000000144c0      0x806 fs/disklog.o
 *fill*         0x0000000000014cc6        0x2 
 .rodata        0x0000000000014cc8       0x97 graphics/main.o
 .rodata        0x0000000000014d5f       0x11 graphics/graphics.o
 .rodata        0x0000000000014d70      0x210 kernel/game/2048.o
 .rodata        0x0000000000014f80      0x210 kernel/tools/calendar.o
 .rodata        0x0000000000015190      0x1a9 kernel/game/tanchishe.o
 .rodata        0x0000000000015339       0x14 lib/orangescrt.a(printf.o)
 *fill*         0x000000000001534d        0x3 
 .rodata        0x0000000000015350       0xad lib/orangescrt.a(misc.o)
 .rodata        0x00000000000153fd       0x23 lib/orangescrt.a(open.o)
 .rodata        0x0000000000015420       0x25 lib/orangescrt.a(getpid.o)
 .rodata        0x0000000000015445       0x23 lib/orangescrt.a(stat.o)
 .rodata        0x0000000000015468       0x33 lib/orangescrt.a(fork.o)
 *fill*         0x000000000001549b        0x1 
 .rodata        0x000000000001549c       0x87 lib/orangescrt.a(exec.o)
 .rodata        0x0000000000015523        0x2 lib/orangescrt.a(graphics.o)

.rodata1
 *(.rodata1)

.eh_frame_hdr
 *(.eh_frame_hdr)

.eh_frame       0x0000000000015528     0x1e90
 *(.eh_frame)
 .eh_frame      0x0000000000015528       0x38 kernel/start.o
 .eh_frame      0x0000000000015560      0x108 kernel/main.o
                                        0x120 (松开之前的大小)
 .eh_frame      0x0000000000015668       0xc0 kernel/clock.o
                                         0xd8 (松开之前的大小)
 .eh_frame      0x0000000000015728       0xe0 kernel/keyboard.o
                                         0xf8 (松开之前的大小)
 .eh_frame      0x0000000000015808      0x1bc kernel/tty.o
                                        0x1d4 (松开之前的大小)
 .eh_frame      0x00000000000159c4      0x160 kernel/console.o
                                        0x178 (松开之前的大小)
 .eh_frame      0x0000000000015b24       0x60 kernel/i8259.o
                                         0x78 (松开之前的大小)
 .eh_frame      0x0000000000015b84       0xb0 kernel/protect.o
                                         0xc8 (松开之前的大小)
 .eh_frame      0x0000000000015c34      0x1c0 kernel/proc.o
                                        0x1d8 (松开之前的大小)
 .eh_frame      0x0000000000015df4       0x5c kernel/systask.o
                                         0x74 (松开之前的大小)
 .eh_frame      0x0000000000015e50      0x1e8 kernel/hd.o
                                        0x200 (松开之前的大小)
 .eh_frame      0x0000000000016038      0x120 kernel/klib.o
                                        0x138 (松开之前的大小)
 .eh_frame      0x0000000000016158       0x20 kernel/tools/welcome.o
                                         0x38 (松开之前的大小)
 .eh_frame      0x0000000000016178       0x54 kernel/tools/fs.o
                                         0x6c (松开之前的大小)
 .eh_frame      0x00000000000161cc      0x16c kernel/tools/user.o
                                        0x184 (松开之前的大小)
 .eh_frame      0x0000000000016338       0x80 kernel/tools/process.o
                                         0x98 (松开之前的大小)
 .eh_frame      0x00000000000163b8       0x20 lib/syslog.o
                                         0x38 (松开之前的大小)
 .eh_frame      0x00000000000163d8       0x7c mm/main.o
                                         0x94 (松开之前的大小)
 .eh_frame      0x0000000000016454       0x90 mm/forkexit.o
                                         0xa8 (松开之前的大小)
 .eh_frame      0x00000000000164e4       0x2c mm/exec.o
                                         0x44 (松开之前的大小)
 .eh_frame      0x0000000000016510      0x174 fs/main.o
                                        0x18c (松开之前的大小)
 .eh_frame      0x0000000000016684      0x128 fs/open.o
                                        0x140 (松开之前的大小)
 .eh_frame      0x00000000000167ac       0x70 fs/misc.o
                                         0x88 (松开之前的大小)
 .eh_frame      0x000000000001681c       0x2c fs/read_write.o
                                         0x44 (松开之前的大小)
 .eh_frame      0x0000000000016848       0x4c fs/link.o
                                         0x64 (松开之前的大小)
 .eh_frame      0x0000000000016894       0x60 fs/disklog.o
                                         0x78 (松开之前的大小)
 .eh_frame      0x00000000000168f4      0x158 graphics/main.o
                                        0x170 (松开之前的大小)
 .eh_frame      0x0000000000016a4c      0x1c0 graphics/graphics.o
                                        0x1d8 (松开之前的大小)
 .eh_frame      0x0000000000016c0c      0x1a4 kernel/game/2048.o
                                        0x1bc (松开之前的大小)
 .eh_frame      0x0000000000016db0      0x104 kernel/tools/calendar.o
                                        0x11c (松开之前的大小)
 .eh_frame      0x0000000000016eb4       0xe0 kernel/game/tanchishe.o
                                         0xf8 (松开之前的大小)
 .eh_frame      0x0000000000016f94       0x40 lib/orangescrt.a(printf.o)
                                         0x58 (松开之前的大小)
 .eh_frame      0x0000000000016fd4       0x68 lib/orangescrt.a(vsprintf.o)
                                         0x80 (松开之前的大小)
 .eh_frame      0x000000000001703c       0xbc lib/orangescrt.a(misc.o)
                                         0xd4 (松开之前的大小)
 .eh_frame      0x00000000000170f8       0x20 lib/orangescrt.a(open.o)
                                         0x38 (松开之前的大小)
 .eh_frame      0x0000000000017118       0x20 lib/orangescrt.a(read.o)
                                         0x38 (松开之前的大小)
 .eh_frame      0x0000000000017138       0x20 lib/orangescrt.a(write.o)
                                         0x38 (松开之前的大小)
 .eh_frame      0x0000000000017158       0x20 lib/orangescrt.a(close.o)
                                         0x38 (松开之前的大小)
 .eh_frame      0x0000000000017178       0x20 lib/orangescrt.a(lseek.o)
                                         0x38 (松开之前的大小)
 .eh_frame      0x0000000000017198       0x20 lib/orangescrt.a(getpid.o)
                                         0x38 (松开之前的大小)
 .eh_frame      0x00000000000171b8       0x20 lib/orangescrt.a(stat.o)
                                         0x38 (松开之前的大小)
 .eh_frame      0x00000000000171d8       0x20 lib/orangescrt.a(fork.o)
                                         0x38 (松开之前的大小)
 .eh_frame      0x00000000000171f8       0x20 lib/orangescrt.a(wait.o)
                                         0x38 (松开之前的大小)
 .eh_frame      0x0000000000017218       0x60 lib/orangescrt.a(exec.o)
                                         0x78 (松开之前的大小)
 .eh_frame      0x0000000000017278      0x140 lib/orangescrt.a(graphics.o)
                                        0x158 (松开之前的大小)

.gcc_except_table
 *(.gcc_except_table .gcc_except_table.*)

.exception_ranges
 *(.exception_ranges .exception_ranges*)
                0x00000000000173b8                . = (ALIGN (0x1000) - ((0x1000 - .) & 0xfff))
                0x00000000000183b8                . = DATA_SEGMENT_ALIGN (0x1000, 0x1000)

.eh_frame
 *(.eh_frame)

.gcc_except_table
 *(.gcc_except_table .gcc_except_table.*)

.exception_ranges
 *(.exception_ranges .exception_ranges*)

.tdata
 *(.tdata .tdata.* .gnu.linkonce.td.*)

.tbss
 *(.tbss .tbss.* .gnu.linkonce.tb.*)
 *(.tcommon)

.preinit_array  0x00000000000183b8        0x0
                0x00000000000183b8                PROVIDE (__preinit_array_start, .)
 *(.preinit_array)
                0x00000000000183b8                PROVIDE (__preinit_array_end, .)

.init_array     0x00000000000183b8        0x0
                0x00000000000183b8                PROVIDE (__init_array_start, .)
 *(SORT(.init_array.*) SORT(.ctors.*))
 *(.init_array EXCLUDE_FILE(*crtend?.o *crtend.o *crtbegin?.o *crtbegin.o) .ctors)
                0x00000000000183b8                PROVIDE (__init_array_end, .)

.fini_array     0x00000000000183b8        0x0
                0x00000000000183b8                PROVIDE (__fini_array_start, .)
 *(SORT(.fini_array.*) SORT(.dtors.*))
 *(.fini_array EXCLUDE_FILE(*crtend?.o *crtend.o *crtbegin?.o *crtbegin.o) .dtors)
                0x00000000000183b8                PROVIDE (__fini_array_end, .)

.ctors
 *crtbegin.o(.ctors)
 *crtbegin?.o(.ctors)
 *(EXCLUDE_FILE(*crtend?.o *crtend.o) .ctors)
 *(SORT(.ctors.*))
 *(.ctors)

.dtors
 *crtbegin.o(.dtors)
 *crtbegin?.o(.dtors)
 *(EXCLUDE_FILE(*crtend?.o *crtend.o) .dtors)
 *(SORT(.dtors.*))
 *(.dtors)

.jcr
 *(.jcr)

.data.rel.ro
 *(.data.rel.ro.local* .gnu.linkonce.d.rel.ro.local.*)
 *(.data.rel.ro .data.rel.ro.* .gnu.linkonce.d.rel.ro.*)

.dynamic
 *(.dynamic)

.got
 *(.got)
 *(.igot)
                0x00000000000183b8                . = DATA_SEGMENT_RELRO_END (., (SIZEOF (.got.plt) >= 0xc)?0xc:0x0)

.got.plt        0x00000000000183b8        0x0
 *(.got.plt)
 *(.igot.plt)
 .igot.plt      0x0000000000000000        0x0 kernel/kernel.o

.data           0x00000000000183c0     0x11d8
 *(.data .data.* .gnu.linkonce.d.*)
 .data          0x00000000000183c0        0x2 kernel/kernel.o
 .data          0x00000000000183c2        0x0 kernel/start.o
 .data          0x00000000000183c2        0x0 kernel/main.o
 *fill*         0x00000000000183c2        0x2 
 .data          0x00000000000183c4        0x4 kernel/clock.o
                0x00000000000183c4                randSeed
 *fill*         0x00000000000183c8       0x18 
 .data          0x00000000000183e0      0x600 kernel/keyboard.o
                0x00000000000183e0                keymap
 .data          0x00000000000189e0       0x22 kernel/tty.o
 .data          0x0000000000018a02        0x0 kernel/console.o
 .data          0x0000000000018a02        0x0 kernel/i8259.o
 *fill*         0x0000000000018a02       0x1e 
 .data          0x0000000000018a20      0x1d4 kernel/global.o
                0x0000000000018a20                task_table
                0x0000000000018b20                user_proc_table
                0x0000000000018bc0                sys_call_table
                0x0000000000018bcc                dd_map
                0x0000000000018be4                fsbuf
                0x0000000000018be8                mmbuf
                0x0000000000018bec                logbuf
                0x0000000000018bf0                logdiskbuf
 .data          0x0000000000018bf4        0x0 kernel/protect.o
 .data          0x0000000000018bf4        0x0 kernel/proc.o
 .data          0x0000000000018bf4        0x0 kernel/systask.o
 .data          0x0000000000018bf4        0x0 kernel/hd.o
 .data          0x0000000000018bf4        0x0 kernel/klib.o
 .data          0x0000000000018bf4        0x0 kernel/tools/welcome.o
 *fill*         0x0000000000018bf4        0xc 
 .data          0x0000000000018c00       0x80 kernel/tools/fs.o
                0x0000000000018c00                currentFolder
 .data          0x0000000000018c80       0x84 kernel/tools/user.o
                0x0000000000018c80                currentUser
                0x0000000000018d00                currentUserIndex
 .data          0x0000000000018d04        0x0 kernel/tools/process.o
 .data          0x0000000000018d04        0x0 lib/syslog.o
 .data          0x0000000000018d04        0x0 mm/main.o
 .data          0x0000000000018d04        0x0 mm/forkexit.o
 .data          0x0000000000018d04        0x0 mm/exec.o
 .data          0x0000000000018d04        0x0 fs/main.o
 .data          0x0000000000018d04        0x0 fs/open.o
 .data          0x0000000000018d04        0x0 fs/misc.o
 .data          0x0000000000018d04        0x0 fs/read_write.o
 .data          0x0000000000018d04        0x0 fs/link.o
 .data          0x0000000000018d04        0x0 fs/disklog.o
 .data          0x0000000000018d04        0x0 graphics/main.o
 *fill*         0x0000000000018d04       0x1c 
 .data          0x0000000000018d20      0x874 graphics/graphics.o
                0x0000000000018d20                hankaku
                0x0000000000019520                table_rgb
                0x0000000000019560                table_gray
                0x0000000000019590                colorMode
 .data          0x0000000000019594        0x0 kernel/game/2048.o
 .data          0x0000000000019594        0x0 kernel/tools/calendar.o
 .data          0x0000000000019594        0x4 kernel/game/tanchishe.o
 .data          0x0000000000019598        0x0 lib/orangescrt.a(printf.o)
 .data          0x0000000000019598        0x0 lib/orangescrt.a(vsprintf.o)
 .data          0x0000000000019598        0x0 lib/orangescrt.a(misc.o)
 .data          0x0000000000019598        0x0 lib/orangescrt.a(open.o)
 .data          0x0000000000019598        0x0 lib/orangescrt.a(read.o)
 .data          0x0000000000019598        0x0 lib/orangescrt.a(write.o)
 .data          0x0000000000019598        0x0 lib/orangescrt.a(close.o)
 .data          0x0000000000019598        0x0 lib/orangescrt.a(lseek.o)
 .data          0x0000000000019598        0x0 lib/orangescrt.a(getpid.o)
 .data          0x0000000000019598        0x0 lib/orangescrt.a(stat.o)
 .data          0x0000000000019598        0x0 lib/orangescrt.a(fork.o)
 .data          0x0000000000019598        0x0 lib/orangescrt.a(wait.o)
 .data          0x0000000000019598        0x0 lib/orangescrt.a(exec.o)
 .data          0x0000000000019598        0x0 lib/orangescrt.a(graphics.o)

.data1
 *(.data1)
                0x0000000000019598                _edata = .
                0x0000000000019598                PROVIDE (edata, .)
                0x0000000000019598                . = .
                0x0000000000019598                __bss_start = .

.bss            0x00000000000195a0    0x300e4
 *(.dynbss)
 *(.bss .bss.* .gnu.linkonce.b.*)
 .bss           0x00000000000195a0      0x800 kernel/kernel.o
 .bss           0x0000000000019da0        0x0 kernel/start.o
 .bss           0x0000000000019da0        0x0 kernel/main.o
 .bss           0x0000000000019da0        0x0 kernel/clock.o
 .bss           0x0000000000019da0       0x58 kernel/keyboard.o
 .bss           0x0000000000019df8        0x0 kernel/tty.o
 .bss           0x0000000000019df8        0x0 kernel/console.o
 .bss           0x0000000000019df8        0x0 kernel/i8259.o
 .bss           0x0000000000019df8        0x0 kernel/global.o
 .bss           0x0000000000019df8        0x0 kernel/protect.o
 .bss           0x0000000000019df8        0x0 kernel/proc.o
 .bss           0x0000000000019df8        0x0 kernel/systask.o
 *fill*         0x0000000000019df8        0x8 
 .bss           0x0000000000019e00      0x64c kernel/hd.o
 .bss           0x000000000001a44c        0x0 kernel/klib.o
 .bss           0x000000000001a44c        0x0 kernel/tools/welcome.o
 *fill*         0x000000000001a44c       0x14 
 .bss           0x000000000001a460       0x8c kernel/tools/fs.o
                0x000000000001a460                filepath
                0x000000000001a4e0                filecount
                0x000000000001a4e4                isEntered
                0x000000000001a4e8                leiflag
 .bss           0x000000000001a4ec        0x4 kernel/tools/user.o
                0x000000000001a4ec                usercount
 .bss           0x000000000001a4f0        0x0 kernel/tools/process.o
 .bss           0x000000000001a4f0        0x0 lib/syslog.o
 .bss           0x000000000001a4f0        0x0 mm/main.o
 .bss           0x000000000001a4f0        0x0 mm/forkexit.o
 .bss           0x000000000001a4f0        0x0 mm/exec.o
 .bss           0x000000000001a4f0        0x0 fs/main.o
 .bss           0x000000000001a4f0        0x0 fs/open.o
 .bss           0x000000000001a4f0        0x0 fs/misc.o
 .bss           0x000000000001a4f0        0x0 fs/read_write.o
 .bss           0x000000000001a4f0        0x0 fs/link.o
 *fill*         0x000000000001a4f0       0x10 
 .bss           0x000000000001a500      0x208 fs/disklog.o
 .bss           0x000000000001a708        0x0 graphics/main.o
 .bss           0x000000000001a708        0x0 graphics/graphics.o
 *fill*         0x000000000001a708       0x18 
 .bss           0x000000000001a720       0x54 kernel/game/2048.o
 .bss           0x000000000001a774        0x0 kernel/tools/calendar.o
 *fill*         0x000000000001a774        0xc 
 .bss           0x000000000001a780      0x660 kernel/game/tanchishe.o
 .bss           0x000000000001ade0        0x0 lib/orangescrt.a(printf.o)
 .bss           0x000000000001ade0        0x0 lib/orangescrt.a(vsprintf.o)
 .bss           0x000000000001ade0        0x0 lib/orangescrt.a(misc.o)
 .bss           0x000000000001ade0        0x0 lib/orangescrt.a(open.o)
 .bss           0x000000000001ade0        0x0 lib/orangescrt.a(read.o)
 .bss           0x000000000001ade0        0x0 lib/orangescrt.a(write.o)
 .bss           0x000000000001ade0        0x0 lib/orangescrt.a(close.o)
 .bss           0x000000000001ade0        0x0 lib/orangescrt.a(lseek.o)
 .bss           0x000000000001ade0        0x0 lib/orangescrt.a(getpid.o)
 .bss           0x000000000001ade0        0x0 lib/orangescrt.a(stat.o)
 .bss           0x000000000001ade0        0x0 lib/orangescrt.a(fork.o)
 .bss           0x000000000001ade0        0x0 lib/orangescrt.a(wait.o)
 .bss           0x000000000001ade0        0x0 lib/orangescrt.a(exec.o)
 .bss           0x000000000001ade0        0x0 lib/orangescrt.a(graphics.o)
 *(COMMON)
 COMMON         0x000000000001ade0    0x2c9b0 kernel/global.o
                0x000000000001ade0                idt_ptr
                0x000000000001ae00                graphics_msg
                0x000000000001ae40                inode_table
                0x000000000001b940                task_stack
                0x000000000003f940                k_reenter
                0x000000000003f960                gdt
                0x000000000003fd60                current_console
                0x000000000003fd64                pcaller
                0x000000000003fd80                tty_table
                0x00000000000423a0                tss
                0x0000000000042420                fs_msg
                0x0000000000042450                memory_size
                0x0000000000042460                f_desc_table
                0x0000000000042860                root_inode
                0x0000000000042864                disp_pos
                0x0000000000042880                mm_msg
                0x00000000000428b0                key_pressed
                0x00000000000428b4                gdt_ptr
                0x00000000000428c0                idt
                0x00000000000430c0                super_block
                0x00000000000432a0                ticks
                0x00000000000432c0                console_table
                0x0000000000043840                irq_table
                0x0000000000043880                p_proc_ready
                0x00000000000438a0                proc_table
 COMMON         0x0000000000047790       0x10 kernel/hd.o
                0x0000000000047790                PARTITION_ENTRY
 COMMON         0x00000000000477a0     0x14e0 kernel/tools/fs.o
                0x00000000000477a0                filequeue
                0x0000000000047880                files
                0x0000000000048280                userfiles
 COMMON         0x0000000000048c80      0xa00 kernel/tools/user.o
                0x0000000000048c80                users
 COMMON         0x0000000000049680        0x0 graphics/main.o
 COMMON         0x0000000000049680        0x4 kernel/game/tanchishe.o
                0x0000000000049680                Dir
                0x0000000000049684                . = ALIGN ((. != 0x0)?0x4:0x1)
                0x0000000000049684                . = ALIGN (0x4)
                0x0000000000049684                . = SEGMENT_START ("ldata-segment", .)
                0x0000000000049684                . = ALIGN (0x4)
                0x0000000000049684                _end = .
                0x0000000000049684                PROVIDE (end, .)
                0x0000000000049684                . = DATA_SEGMENT_END (.)

.stab
 *(.stab)

.stabstr
 *(.stabstr)

.stab.excl
 *(.stab.excl)

.stab.exclstr
 *(.stab.exclstr)

.stab.index
 *(.stab.index)

.stab.indexstr
 *(.stab.indexstr)

.comment        0x0000000000000000       0x2b
 *(.comment)
 .comment       0x0000000000000000       0x2b kernel/start.o
                                         0x2c (松开之前的大小)
 .comment       0x0000000000000000       0x2c kernel/main.o
 .comment       0x0000000000000000       0x2c kernel/clock.o
 .comment       0x0000000000000000       0x2c kernel/keyboard.o
 .comment       0x0000000000000000       0x2c kernel/tty.o
 .comment       0x0000000000000000       0x2c kernel/console.o
 .comment       0x0000000000000000       0x2c kernel/i8259.o
 .comment       0x0000000000000000       0x2c kernel/global.o
 .comment       0x0000000000000000       0x2c kernel/protect.o
 .comment       0x0000000000000000       0x2c kernel/proc.o
 .comment       0x0000000000000000       0x2c kernel/systask.o
 .comment       0x0000000000000000       0x2c kernel/hd.o
 .comment       0x0000000000000000       0x2c kernel/klib.o
 .comment       0x0000000000000000       0x2c kernel/tools/welcome.o
 .comment       0x0000000000000000       0x2c kernel/tools/fs.o
 .comment       0x0000000000000000       0x2c kernel/tools/user.o
 .comment       0x0000000000000000       0x2c kernel/tools/process.o
 .comment       0x0000000000000000       0x2c lib/syslog.o
 .comment       0x0000000000000000       0x2c mm/main.o
 .comment       0x0000000000000000       0x2c mm/forkexit.o
 .comment       0x0000000000000000       0x2c mm/exec.o
 .comment       0x0000000000000000       0x2c fs/main.o
 .comment       0x0000000000000000       0x2c fs/open.o
 .comment       0x0000000000000000       0x2c fs/misc.o
 .comment       0x0000000000000000       0x2c fs/read_write.o
 .comment       0x0000000000000000       0x2c fs/link.o
 .comment       0x0000000000000000       0x2c fs/disklog.o
 .comment       0x0000000000000000       0x2c graphics/main.o
 .comment       0x0000000000000000       0x2c graphics/graphics.o
 .comment       0x0000000000000000       0x2c kernel/game/2048.o
 .comment       0x0000000000000000       0x2c kernel/tools/calendar.o
 .comment       0x0000000000000000       0x2c kernel/game/tanchishe.o
 .comment       0x0000000000000000       0x2c lib/orangescrt.a(printf.o)
 .comment       0x0000000000000000       0x2c lib/orangescrt.a(vsprintf.o)
 .comment       0x0000000000000000       0x2c lib/orangescrt.a(misc.o)
 .comment       0x0000000000000000       0x2c lib/orangescrt.a(open.o)
 .comment       0x0000000000000000       0x2c lib/orangescrt.a(read.o)
 .comment       0x0000000000000000       0x2c lib/orangescrt.a(write.o)
 .comment       0x0000000000000000       0x2c lib/orangescrt.a(close.o)
 .comment       0x0000000000000000       0x2c lib/orangescrt.a(lseek.o)
 .comment       0x0000000000000000       0x2c lib/orangescrt.a(getpid.o)
 .comment       0x0000000000000000       0x2c lib/orangescrt.a(stat.o)
 .comment       0x0000000000000000       0x2c lib/orangescrt.a(fork.o)
 .comment       0x0000000000000000       0x2c lib/orangescrt.a(wait.o)
 .comment       0x0000000000000000       0x2c lib/orangescrt.a(exec.o)
 .comment       0x0000000000000000       0x2c lib/orangescrt.a(graphics.o)

.debug
 *(.debug)

.line
 *(.line)

.debug_srcinfo
 *(.debug_srcinfo)

.debug_sfnames
 *(.debug_sfnames)

.debug_aranges
 *(.debug_aranges)

.debug_pubnames
 *(.debug_pubnames)

.debug_info
 *(.debug_info .gnu.linkonce.wi.*)

.debug_abbrev
 *(.debug_abbrev)

.debug_line
 *(.debug_line .debug_line.* .debug_line_end)

.debug_frame
 *(.debug_frame)

.debug_str
 *(.debug_str)

.debug_loc
 *(.debug_loc)

.debug_macinfo
 *(.debug_macinfo)

.debug_weaknames
 *(.debug_weaknames)

.debug_funcnames
 *(.debug_funcnames)

.debug_typenames
 *(.debug_typenames)

.debug_varnames
 *(.debug_varnames)

.debug_pubtypes
 *(.debug_pubtypes)

.debug_ranges
 *(.debug_ranges)

.debug_macro
 *(.debug_macro)

.gnu.attributes
 *(.gnu.attributes)

/DISCARD/
 *(.note.GNU-stack)
 *(.gnu_debuglink)
 *(.gnu.lto_*)
OUTPUT(kernel.bin elf32-i386)
