Archive member included to satisfy reference by file (symbol)

lib/orangescrt.a(printf.o)    kernel/main.o (printf)
lib/orangescrt.a(vsprintf.o)  kernel/main.o (vsprintf)
lib/orangescrt.a(string.o)    kernel/start.o (memcpy)
lib/orangescrt.a(misc.o)      kernel/main.o (send_recv)
lib/orangescrt.a(open.o)      kernel/main.o (open)
lib/orangescrt.a(read.o)      kernel/main.o (read)
lib/orangescrt.a(write.o)     kernel/main.o (write)
lib/orangescrt.a(close.o)     kernel/main.o (close)
lib/orangescrt.a(lseek.o)     kernel/main.o (lseek)
lib/orangescrt.a(getpid.o)    fs/disklog.o (getpid)
lib/orangescrt.a(stat.o)      mm/exec.o (stat)
lib/orangescrt.a(fork.o)      kernel/main.o (fork)
lib/orangescrt.a(wait.o)      kernel/main.o (wait)
lib/orangescrt.a(exec.o)      kernel/main.o (execv)
lib/orangescrt.a(graphics.o)  kernel/main.o (drawBMP)
lib/orangescrt.a(kbhit.o)     kernel/game/2048.o (kbhit)
lib/orangescrt.a(syscall.o)   lib/orangescrt.a(misc.o) (sendrec)

分配公共符号
公共符号            大小              文件

filequeue           0xc8              kernel/tools/fs.o
idt_ptr             0x6               kernel/global.o
graphics_msg        0x30              kernel/global.o
inode_table         0xb00             kernel/global.o
task_stack          0x24000           kernel/global.o
k_reenter           0x4               kernel/global.o
gdt                 0x400             kernel/global.o
current_console     0x4               kernel/global.o
pcaller             0x4               kernel/global.o
tty_table           0x261c            kernel/global.o
tss                 0x68              kernel/global.o
fs_msg              0x30              kernel/global.o
memory_size         0x4               kernel/global.o
f_desc_table        0x400             kernel/global.o
root_inode          0x4               kernel/global.o
disp_pos            0x4               kernel/global.o
files               0xa00             kernel/tools/fs.o
mm_msg              0x30              kernel/global.o
Dir                 0x4               kernel/game/tanchishe.o
key_pressed         0x4               kernel/global.o
gdt_ptr             0x6               kernel/global.o
users               0xa00             kernel/tools/user.o
idt                 0x800             kernel/global.o
super_block         0x1e0             kernel/global.o
PARTITION_ENTRY     0x10              kernel/hd.o
ticks               0x4               kernel/global.o
console_table       0x564             kernel/global.o
userfiles           0xa00             kernel/tools/fs.o
irq_table           0x40              kernel/global.o
p_proc_ready        0x4               kernel/global.o
proc_table          0x3ef0            kernel/global.o

舍弃的输入节

 .note.GNU-stack
                0x0000000000000000        0x0 kernel/start.o
 .note.GNU-stack
                0x0000000000000000        0x0 kernel/main.o
 .note.GNU-stack
                0x0000000000000000        0x0 kernel/clock.o
 .note.GNU-stack
                0x0000000000000000        0x0 kernel/keyboard.o
 .note.GNU-stack
                0x0000000000000000        0x0 kernel/tty.o
 .note.GNU-stack
                0x0000000000000000        0x0 kernel/console.o
 .note.GNU-stack
                0x0000000000000000        0x0 kernel/i8259.o
 .note.GNU-stack
                0x0000000000000000        0x0 kernel/global.o
 .note.GNU-stack
                0x0000000000000000        0x0 kernel/protect.o
 .note.GNU-stack
                0x0000000000000000        0x0 kernel/proc.o
 .note.GNU-stack
                0x0000000000000000        0x0 kernel/systask.o
 .note.GNU-stack
                0x0000000000000000        0x0 kernel/hd.o
 .note.GNU-stack
                0x0000000000000000        0x0 kernel/klib.o
 .note.GNU-stack
                0x0000000000000000        0x0 kernel/tools/welcome.o
 .note.GNU-stack
                0x0000000000000000        0x0 kernel/tools/fs.o
 .note.GNU-stack
                0x0000000000000000        0x0 kernel/tools/user.o
 .note.GNU-stack
                0x0000000000000000        0x0 kernel/tools/process.o
 .note.GNU-stack
                0x0000000000000000        0x0 lib/syslog.o
 .note.GNU-stack
                0x0000000000000000        0x0 mm/main.o
 .note.GNU-stack
                0x0000000000000000        0x0 mm/forkexit.o
 .note.GNU-stack
                0x0000000000000000        0x0 mm/exec.o
 .note.GNU-stack
                0x0000000000000000        0x0 fs/main.o
 .note.GNU-stack
                0x0000000000000000        0x0 fs/open.o
 .note.GNU-stack
                0x0000000000000000        0x0 fs/misc.o
 .note.GNU-stack
                0x0000000000000000        0x0 fs/read_write.o
 .note.GNU-stack
                0x0000000000000000        0x0 fs/link.o
 .note.GNU-stack
                0x0000000000000000        0x0 fs/disklog.o
 .note.GNU-stack
                0x0000000000000000        0x0 graphics/main.o
 .note.GNU-stack
                0x0000000000000000        0x0 graphics/graphics.o
 .note.GNU-stack
                0x0000000000000000        0x0 kernel/game/2048.o
 .note.GNU-stack
                0x0000000000000000        0x0 kernel/tools/calendar.o
 .note.GNU-stack
                0x0000000000000000        0x0 kernel/game/tanchishe.o
 .note.GNU-stack
                0x0000000000000000        0x0 kernel/tools/calculator.o
 .note.GNU-stack
                0x0000000000000000        0x0 lib/orangescrt.a(printf.o)
 .note.GNU-stack
                0x0000000000000000        0x0 lib/orangescrt.a(vsprintf.o)
 .note.GNU-stack
                0x0000000000000000        0x0 lib/orangescrt.a(misc.o)
 .note.GNU-stack
                0x0000000000000000        0x0 lib/orangescrt.a(open.o)
 .note.GNU-stack
                0x0000000000000000        0x0 lib/orangescrt.a(read.o)
 .note.GNU-stack
                0x0000000000000000        0x0 lib/orangescrt.a(write.o)
 .note.GNU-stack
                0x0000000000000000        0x0 lib/orangescrt.a(close.o)
 .note.GNU-stack
                0x0000000000000000        0x0 lib/orangescrt.a(lseek.o)
 .note.GNU-stack
                0x0000000000000000        0x0 lib/orangescrt.a(getpid.o)
 .note.GNU-stack
                0x0000000000000000        0x0 lib/orangescrt.a(stat.o)
 .note.GNU-stack
                0x0000000000000000        0x0 lib/orangescrt.a(fork.o)
 .note.GNU-stack
                0x0000000000000000        0x0 lib/orangescrt.a(wait.o)
 .note.GNU-stack
                0x0000000000000000        0x0 lib/orangescrt.a(exec.o)
 .note.GNU-stack
                0x0000000000000000        0x0 lib/orangescrt.a(graphics.o)
 .note.GNU-stack
                0x0000000000000000        0x0 lib/orangescrt.a(kbhit.o)

内存配置

名称           来源             长度             属性
*default*        0x0000000000000000 0xffffffffffffffff

链结器命令稿和内存映射

段 .text 的地址设置为 0x1000
LOAD kernel/kernel.o
LOAD kernel/start.o
LOAD kernel/main.o
LOAD kernel/clock.o
LOAD kernel/keyboard.o
LOAD kernel/tty.o
LOAD kernel/console.o
LOAD kernel/i8259.o
LOAD kernel/global.o
LOAD kernel/protect.o
LOAD kernel/proc.o
LOAD kernel/systask.o
LOAD kernel/hd.o
LOAD kernel/kliba.o
LOAD kernel/klib.o
LOAD kernel/tools/welcome.o
LOAD kernel/tools/fs.o
LOAD kernel/tools/user.o
LOAD kernel/tools/process.o
LOAD lib/syslog.o
LOAD mm/main.o
LOAD mm/forkexit.o
LOAD mm/exec.o
LOAD fs/main.o
LOAD fs/open.o
LOAD fs/misc.o
LOAD fs/read_write.o
LOAD fs/link.o
LOAD fs/disklog.o
LOAD graphics/main.o
LOAD graphics/graphics.o
LOAD kernel/game/2048.o
LOAD kernel/tools/calendar.o
LOAD kernel/game/tanchishe.o
LOAD kernel/tools/calculator.o
LOAD lib/orangescrt.a
                0x0000000008048000                PROVIDE (__executable_start, 0x8048000)
                0x0000000008048094                . = (0x8048000 + SIZEOF_HEADERS)

.interp
 *(.interp)

.note.gnu.build-id
 *(.note.gnu.build-id)

.hash
 *(.hash)

.gnu.hash
 *(.gnu.hash)

.dynsym
 *(.dynsym)

.dynstr
 *(.dynstr)

.gnu.version
 *(.gnu.version)

.gnu.version_d
 *(.gnu.version_d)

.gnu.version_r
 *(.gnu.version_r)

.rel.dyn        0x0000000008048094        0x0
 *(.rel.init)
 *(.rel.text .rel.text.* .rel.gnu.linkonce.t.*)
 .rel.text      0x0000000000000000        0x0 kernel/kernel.o
 *(.rel.fini)
 *(.rel.rodata .rel.rodata.* .rel.gnu.linkonce.r.*)
 *(.rel.data.rel.ro .rel.data.rel.ro.* .rel.gnu.linkonce.d.rel.ro.*)
 *(.rel.data .rel.data.* .rel.gnu.linkonce.d.*)
 .rel.data      0x0000000000000000        0x0 kernel/kernel.o
 *(.rel.tdata .rel.tdata.* .rel.gnu.linkonce.td.*)
 *(.rel.tbss .rel.tbss.* .rel.gnu.linkonce.tb.*)
 *(.rel.ctors)
 *(.rel.dtors)
 *(.rel.got)
 *(.rel.bss .rel.bss.* .rel.gnu.linkonce.b.*)
 *(.rel.ifunc)

.rel.plt        0x0000000008048094        0x0
 *(.rel.plt)
                0x0000000008048094                PROVIDE (__rel_iplt_start, .)
 *(.rel.iplt)
 .rel.iplt      0x0000000000000000        0x0 kernel/kernel.o
                0x0000000008048094                PROVIDE (__rel_iplt_end, .)

.init
 *(SORT(.init))

.plt            0x00000000080480a0        0x0
 *(.plt)
 *(.iplt)
 .iplt          0x0000000000000000        0x0 kernel/kernel.o

.text           0x0000000000001000    0x12438
 *(.text.unlikely .text.*_unlikely .text.unlikely.*)
 *(.text.exit .text.exit.*)
 *(.text.startup .text.startup.*)
 *(.text.hot .text.hot.*)
 *(.text .stub .text.* .gnu.linkonce.t.*)
 .text          0x0000000000001000      0x410 kernel/kernel.o
                0x0000000000001000                _start
                0x0000000000001040                hwint00
                0x0000000000001070                hwint01
                0x00000000000010a0                hwint02
                0x00000000000010d0                hwint03
                0x0000000000001100                hwint04
                0x0000000000001130                hwint05
                0x0000000000001160                hwint06
                0x0000000000001190                hwint07
                0x00000000000011c0                hwint08
                0x00000000000011f0                hwint09
                0x0000000000001220                hwint10
                0x0000000000001250                hwint11
                0x0000000000001280                hwint12
                0x00000000000012b0                hwint13
                0x00000000000012e0                hwint14
                0x0000000000001310                hwint15
                0x0000000000001334                divide_error
                0x000000000000133a                single_step_exception
                0x0000000000001340                nmi
                0x0000000000001346                breakpoint_exception
                0x000000000000134c                overflow
                0x0000000000001352                bounds_check
                0x0000000000001358                inval_opcode
                0x000000000000135e                copr_not_available
                0x0000000000001364                double_fault
                0x0000000000001368                copr_seg_overrun
                0x000000000000136e                inval_tss
                0x0000000000001372                segment_not_present
                0x0000000000001376                stack_exception
                0x000000000000137a                general_protection
                0x000000000000137e                page_fault
                0x0000000000001382                copr_error
                0x00000000000013cb                sys_call
                0x00000000000013eb                restart
 .text          0x0000000000001410       0x8e kernel/start.o
                0x0000000000001410                cstart
 .text          0x000000000000149e      0xd89 kernel/main.o
                0x000000000000149e                kernel_main
                0x00000000000017f5                get_ticks
                0x000000000000182d                untar
                0x0000000000001b02                shabby_shell
                0x0000000000002088                Init
                0x00000000000021c8                TestA
                0x00000000000021cd                TestB
                0x00000000000021d2                TestC
                0x00000000000021d7                panic
 .text          0x0000000000002227      0x207 kernel/clock.o
                0x0000000000002227                clock_handler
                0x0000000000002314                milli_delay
                0x000000000000234d                init_clock
                0x00000000000023b1                time
                0x00000000000023e0                srand
                0x00000000000023ed                rand
 .text          0x000000000000242e      0x6f1 kernel/keyboard.o
                0x000000000000242e                keyboard_handler
                0x0000000000002494                init_keyboard
                0x0000000000002543                keyboard_read
 .text          0x0000000000002b1f      0xf60 kernel/tty.o
                0x0000000000002b1f                task_tty
                0x0000000000002dad                in_process
                0x0000000000003786                sys_printx
                0x0000000000003928                dump_tty_buf
 .text          0x0000000000003a7f      0xa03 kernel/console.o
                0x0000000000003a7f                init_screen
                0x0000000000003ba3                out_char
                0x0000000000003fb5                putfont
                0x000000000000409f                is_current_console
                0x000000000000418f                select_console
                0x00000000000041ac                scroll_screen
 .text          0x0000000000004482      0x13c kernel/i8259.o
                0x0000000000004482                init_8259A
                0x0000000000004573                spurious_irq
                0x000000000000459e                put_irq_handler
 .text          0x00000000000045be        0x0 kernel/global.o
 .text          0x00000000000045be      0x842 kernel/protect.o
                0x00000000000045be                init_prot
                0x0000000000004c18                seg2linear
                0x0000000000004c67                init_desc
                0x0000000000004cd3                exception_handler
 .text          0x0000000000004e00     0x1967 kernel/proc.o
                0x0000000000004e00                schedule
                0x0000000000004e91                sys_sendrec
                0x0000000000004ff0                ldt_seg_linear
                0x000000000000503a                va2la
                0x00000000000050a9                reset_msg
                0x00000000000060fa                inform_int
                0x00000000000062b7                dump_proc
                0x0000000000006620                dump_msg
 .text          0x0000000000006767      0x2cf kernel/systask.o
                0x0000000000006767                task_sys
 .text          0x0000000000006a36      0xd88 kernel/hd.o
                0x0000000000006a36                task_hd
                0x0000000000007799                hd_handler
 *fill*         0x00000000000077be        0x2 
 .text          0x00000000000077c0      0x1e9 kernel/kliba.o
                0x00000000000077c0                io_hlt
                0x00000000000077c2                io_cli
                0x00000000000077c4                io_sti
                0x00000000000077c6                io_stihlt
                0x00000000000077c9                io_in8
                0x00000000000077d4                io_in16
                0x00000000000077e0                io_in32
                0x00000000000077e6                io_out8
                0x00000000000077fb                io_out32
                0x0000000000007805                io_load_eflags
                0x0000000000007808                io_store_eflags
                0x000000000000780f                disp_str
                0x000000000000784d                disp_color_str
                0x000000000000788c                out_byte
                0x0000000000007898                in_byte
                0x00000000000078a2                port_read
                0x00000000000078b5                port_write
                0x00000000000078c8                disable_irq
                0x00000000000078fd                enable_irq
                0x000000000000791c                disable_int
                0x000000000000791e                enable_int
                0x0000000000007920                glitter
 .text          0x00000000000079a9      0x426 kernel/klib.o
                0x00000000000079a9                get_boot_params
                0x0000000000007a49                get_kernel_map
                0x0000000000007b65                itoa
                0x0000000000007c10                disp_int
                0x0000000000007c35                delay
                0x0000000000007c7b                isspace
                0x0000000000007ca7                isdigit
                0x0000000000007ccd                atoi
                0x0000000000007d93                readint
 .text          0x0000000000007dcf       0x97 kernel/tools/welcome.o
                0x0000000000007dcf                welcome
 .text          0x0000000000007e66      0x27c kernel/tools/fs.o
                0x0000000000007e66                editCover
                0x0000000000007f63                editAppand
 .text          0x00000000000080e2      0xd7b kernel/tools/user.o
                0x00000000000080e2                vertify
                0x000000000000810c                initUsers
                0x00000000000084ea                searchUser
                0x0000000000008549                login
                0x0000000000008789                showUsers
                0x0000000000008803                addUser
                0x0000000000008938                delUser
                0x0000000000008a9c                updateUsers
                0x0000000000008ba2                passwd
                0x0000000000008c3a                modifyPassword
                0x0000000000008dc3                sudo
 .text          0x0000000000008e5d      0x2db kernel/tools/process.o
                0x0000000000008e5d                showProcess
                0x0000000000008ff4                killpro
                0x0000000000009060                pausepro
                0x00000000000090cc                resume
 .text          0x0000000000009138       0x75 lib/syslog.o
                0x0000000000009138                syslog
 .text          0x00000000000091ad      0x1d6 mm/main.o
                0x00000000000091ad                task_mm
                0x00000000000092f3                alloc_mem
                0x0000000000009379                free_mem
 .text          0x0000000000009383      0x629 mm/forkexit.o
                0x0000000000009383                do_fork
                0x0000000000009722                do_exit
                0x00000000000098f0                do_wait
 .text          0x00000000000099ac      0x392 mm/exec.o
                0x00000000000099ac                do_exec
 .text          0x0000000000009d3e     0x12b3 fs/main.o
                0x0000000000009d3e                task_fs
                0x000000000000a98f                rw_sector
                0x000000000000abc9                get_super_block
                0x000000000000ac0f                get_inode
                0x000000000000ad7d                put_inode
                0x000000000000adc2                sync_inode
 .text          0x000000000000aff1      0xc07 fs/open.o
                0x000000000000aff1                do_open
                0x000000000000b52a                do_close
                0x000000000000b5a1                do_lseek
 .text          0x000000000000bbf8      0x3f6 fs/misc.o
                0x000000000000bbf8                do_stat
                0x000000000000bde9                search_file
                0x000000000000bf62                strip_path
 .text          0x000000000000bfee      0x538 fs/read_write.o
                0x000000000000bfee                do_rdwt
 .text          0x000000000000c526      0x98d fs/link.o
                0x000000000000c526                convert_to_absolute
                0x000000000000c5bd                do_unlink
 .text          0x000000000000ceb3     0x215a fs/disklog.o
                0x000000000000ceb3                disklog
                0x000000000000d4f9                dump_fd_graph
 .text          0x000000000000f00d      0x637 graphics/main.o
                0x000000000000f00d                task_graphics
                0x000000000000f122                do_drawBMP
                0x000000000000f1ca                do_topBar
                0x000000000000f277                do_clear
                0x000000000000f284                do_drawFont
                0x000000000000f34b                do_drawPixel
                0x000000000000f385                do_drawBox
                0x000000000000f3d6                do_drawLine
                0x000000000000f4ec                do_drawCircle
                0x000000000000f612                do_changeColorMode
 .text          0x000000000000f644      0x682 graphics/graphics.o
                0x000000000000f644                init_graphics
                0x000000000000f656                init_palette
                0x000000000000f67b                grayPalette
                0x000000000000f6a0                colorPalette
                0x000000000000f6c5                clearScreen
                0x000000000000f701                readBMP
                0x000000000000f8cd                set_palette
                0x000000000000f973                boxfill8
                0x000000000000f9db                updateTopbar
                0x000000000000fa8f                clearFonts
                0x000000000000facb                putfont8
                0x000000000000fbd2                putfonts8_char
                0x000000000000fc11                putfonts8_asc
                0x000000000000fc64                pixel
 .text          0x000000000000fcc6     0x10d4 kernel/game/2048.o
                0x000000000000fcc6                run2048
                0x000000000000fcd8                loop_game
                0x000000000000fdde                reset_game
                0x000000000000fe95                add_rand_num
                0x000000000000ff65                get_null_count
                0x000000000000ffbb                check_game_over
                0x0000000000010068                move_left
                0x000000000001023f                move_right
                0x0000000000010416                move_up
                0x00000000000105e6                move_down
                0x00000000000107bd                refresh_screen
                0x0000000000010d80                init_game
                0x0000000000010d8d                release_game
 .text          0x0000000000010d9a      0x5cb kernel/tools/calendar.o
                0x0000000000010d9a                runcalendar
                0x0000000000010e03                is_leap
                0x0000000000010e67                day_count
                0x0000000000010ed4                total_day
                0x0000000000010f16                weekday
                0x0000000000010fc1                print_weekday
                0x0000000000011173                print_month
                0x00000000000112ad                print_total_day
 .text          0x0000000000011365      0x84b kernel/game/tanchishe.o
                0x000000000001187a                logic
                0x0000000000011b8f                runtanchishe
 .text          0x0000000000011bb0      0x95c kernel/tools/calculator.o
                0x0000000000011bb0                num_stack_is_empty
                0x0000000000011bc0                num_stack_push
                0x0000000000011be1                num_stack_pop
                0x0000000000011c28                num_stack_clear
                0x0000000000011c5e                num_stack_get_top
                0x0000000000011c7f                op_stack_is_empty
                0x0000000000011c8f                op_stack_push
                0x0000000000011cb9                op_stack_pop
                0x0000000000011cfd                op_stack_get_top
                0x0000000000011d1e                op_stack_clear
                0x0000000000011d51                is_digit
                0x0000000000011d77                isp
                0x0000000000011e0a                icp
                0x0000000000011e9d                pow
                0x0000000000011ece                get_two_num
                0x0000000000011f35                do_operator
                0x0000000000012073                run
                0x000000000001225b                format
                0x000000000001248c                runcalculator
 .text          0x000000000001250c       0xc0 lib/orangescrt.a(printf.o)
                0x000000000001250c                printf
                0x000000000001258b                printl
 .text          0x00000000000125cc      0x318 lib/orangescrt.a(vsprintf.o)
                0x000000000001262f                vsprintf
                0x00000000000128ba                sprintf
 *fill*         0x00000000000128e4        0xc 
 .text          0x00000000000128f0       0x78 lib/orangescrt.a(string.o)
                0x00000000000128f0                memcpy
                0x0000000000012919                memset
                0x000000000001293a                strcpy
                0x0000000000012952                strlen
 .text          0x0000000000012968      0x288 lib/orangescrt.a(misc.o)
                0x0000000000012968                send_recv
                0x0000000000012a48                memcmp
                0x0000000000012abe                strcmp
                0x0000000000012b30                strcat
                0x0000000000012b8f                spin
                0x0000000000012baa                assertion_failure
 .text          0x0000000000012bf0       0x73 lib/orangescrt.a(open.o)
                0x0000000000012bf0                open
 .text          0x0000000000012c63       0x3f lib/orangescrt.a(read.o)
                0x0000000000012c63                read
 .text          0x0000000000012ca2       0x3f lib/orangescrt.a(write.o)
                0x0000000000012ca2                write
 .text          0x0000000000012ce1       0x33 lib/orangescrt.a(close.o)
                0x0000000000012ce1                close
 .text          0x0000000000012d14       0x3f lib/orangescrt.a(lseek.o)
                0x0000000000012d14                lseek
 .text          0x0000000000012d53       0x59 lib/orangescrt.a(getpid.o)
                0x0000000000012d53                getpid
 .text          0x0000000000012dac       0x73 lib/orangescrt.a(stat.o)
                0x0000000000012dac                stat
 .text          0x0000000000012e1f       0x84 lib/orangescrt.a(fork.o)
                0x0000000000012e1f                fork
 .text          0x0000000000012ea3       0x44 lib/orangescrt.a(wait.o)
                0x0000000000012ea3                wait
 .text          0x0000000000012ee7      0x263 lib/orangescrt.a(exec.o)
                0x0000000000012ee7                exec
                0x0000000000012f62                execl
                0x0000000000012f88                execv
 .text          0x000000000001314a      0x288 lib/orangescrt.a(graphics.o)
                0x000000000001314a                drawBMP
                0x000000000001318b                topBar
                0x00000000000131cc                clearAll
                0x00000000000131f6                changeColorMode
                0x0000000000013220                drawFont
                0x0000000000013277                drawPixel
                0x00000000000132bd                drawBox
                0x000000000001330c                drawLine
                0x000000000001335b                drawCircle
                0x00000000000133a4                clear
 .text          0x00000000000133d2       0x34 lib/orangescrt.a(kbhit.o)
                0x00000000000133d2                kbhit
 *fill*         0x0000000000013406        0xa 
 .text          0x0000000000013410       0x28 lib/orangescrt.a(syscall.o)
                0x0000000000013410                sendrec
                0x000000000001342a                printx
 *(.gnu.warning)

.fini
 *(SORT(.fini))
                0x0000000000013438                PROVIDE (__etext, .)
                0x0000000000013438                PROVIDE (_etext, .)
                0x0000000000013438                PROVIDE (etext, .)

.rodata         0x0000000000013440     0x3329
 *(.rodata .rodata.* .gnu.linkonce.r.*)
 .rodata        0x0000000000013440       0x47 kernel/start.o
 *fill*         0x0000000000013487        0x1 
 .rodata        0x0000000000013488      0x290 kernel/main.o
 .rodata        0x0000000000013718       0x64 kernel/keyboard.o
 .rodata        0x000000000001377c      0x184 kernel/tty.o
 .rodata        0x0000000000013900       0x5b kernel/console.o
 .rodata        0x000000000001395b       0x11 kernel/i8259.o
 .rodata        0x000000000001396c       0x10 kernel/global.o
                0x000000000001396c                FSBUF_SIZE
                0x0000000000013970                MMBUF_SIZE
                0x0000000000013974                LOGBUF_SIZE
                0x0000000000013978                LOGDISKBUF_SIZE
 *fill*         0x000000000001397c        0x4 
 .rodata        0x0000000000013980      0x580 kernel/protect.o
 .rodata        0x0000000000013f00      0x5da kernel/proc.o
 .rodata        0x00000000000144da       0x11 kernel/systask.o
 *fill*         0x00000000000144eb        0x1 
 .rodata        0x00000000000144ec      0x15c kernel/hd.o
 .rodata        0x0000000000014648       0x6a kernel/klib.o
 .rodata        0x00000000000146b2        0xb kernel/tools/welcome.o
 *fill*         0x00000000000146bd        0x3 
 .rodata        0x00000000000146c0       0x24 kernel/tools/fs.o
 .rodata        0x00000000000146e4      0x1ec kernel/tools/user.o
 .rodata        0x00000000000148d0       0xb4 kernel/tools/process.o
 .rodata        0x0000000000014984       0x1e lib/syslog.o
 *fill*         0x00000000000149a2        0x2 
 .rodata        0x00000000000149a4       0xb1 mm/main.o
 *fill*         0x0000000000014a55        0x3 
 .rodata        0x0000000000014a58       0xe7 mm/forkexit.o
 *fill*         0x0000000000014b3f        0x1 
 .rodata        0x0000000000014b40       0xa4 mm/exec.o
 .rodata        0x0000000000014be4      0x2d6 fs/main.o
 *fill*         0x0000000000014eba        0x2 
 .rodata        0x0000000000014ebc      0x198 fs/open.o
 .rodata        0x0000000000015054       0x60 fs/misc.o
 .rodata        0x00000000000150b4      0x164 fs/read_write.o
 .rodata        0x0000000000015218      0x1ad fs/link.o
 *fill*         0x00000000000153c5        0x3 
 .rodata        0x00000000000153c8      0x806 fs/disklog.o
 *fill*         0x0000000000015bce        0x2 
 .rodata        0x0000000000015bd0       0x97 graphics/main.o
 .rodata        0x0000000000015c67       0x11 graphics/graphics.o
 .rodata        0x0000000000015c78       0xd3 kernel/game/2048.o
 *fill*         0x0000000000015d4b        0x1 
 .rodata        0x0000000000015d4c      0x210 kernel/tools/calendar.o
 .rodata        0x0000000000015f5c      0x1f5 kernel/game/tanchishe.o
 *fill*         0x0000000000016151        0x3 
 .rodata        0x0000000000016154      0x429 kernel/tools/calculator.o
 .rodata        0x000000000001657d       0x14 lib/orangescrt.a(printf.o)
 *fill*         0x0000000000016591        0x3 
 .rodata        0x0000000000016594       0xad lib/orangescrt.a(misc.o)
 .rodata        0x0000000000016641       0x23 lib/orangescrt.a(open.o)
 .rodata        0x0000000000016664       0x25 lib/orangescrt.a(getpid.o)
 .rodata        0x0000000000016689       0x23 lib/orangescrt.a(stat.o)
 .rodata        0x00000000000166ac       0x33 lib/orangescrt.a(fork.o)
 *fill*         0x00000000000166df        0x1 
 .rodata        0x00000000000166e0       0x87 lib/orangescrt.a(exec.o)
 .rodata        0x0000000000016767        0x2 lib/orangescrt.a(graphics.o)

.rodata1
 *(.rodata1)

.eh_frame_hdr
 *(.eh_frame_hdr)

.eh_frame       0x000000000001676c     0x2138
 *(.eh_frame)
 .eh_frame      0x000000000001676c       0x38 kernel/start.o
 .eh_frame      0x00000000000167a4      0x108 kernel/main.o
                                        0x120 (松开之前的大小)
 .eh_frame      0x00000000000168ac       0xc0 kernel/clock.o
                                         0xd8 (松开之前的大小)
 .eh_frame      0x000000000001696c       0xe0 kernel/keyboard.o
                                         0xf8 (松开之前的大小)
 .eh_frame      0x0000000000016a4c      0x1bc kernel/tty.o
                                        0x1d4 (松开之前的大小)
 .eh_frame      0x0000000000016c08      0x160 kernel/console.o
                                        0x178 (松开之前的大小)
 .eh_frame      0x0000000000016d68       0x60 kernel/i8259.o
                                         0x78 (松开之前的大小)
 .eh_frame      0x0000000000016dc8       0xb0 kernel/protect.o
                                         0xc8 (松开之前的大小)
 .eh_frame      0x0000000000016e78      0x1c0 kernel/proc.o
                                        0x1d8 (松开之前的大小)
 .eh_frame      0x0000000000017038       0x5c kernel/systask.o
                                         0x74 (松开之前的大小)
 .eh_frame      0x0000000000017094      0x1e8 kernel/hd.o
                                        0x200 (松开之前的大小)
 .eh_frame      0x000000000001727c      0x120 kernel/klib.o
                                        0x138 (松开之前的大小)
 .eh_frame      0x000000000001739c       0x20 kernel/tools/welcome.o
                                         0x38 (松开之前的大小)
 .eh_frame      0x00000000000173bc       0x54 kernel/tools/fs.o
                                         0x6c (松开之前的大小)
 .eh_frame      0x0000000000017410      0x16c kernel/tools/user.o
                                        0x184 (松开之前的大小)
 .eh_frame      0x000000000001757c       0x80 kernel/tools/process.o
                                         0x98 (松开之前的大小)
 .eh_frame      0x00000000000175fc       0x20 lib/syslog.o
                                         0x38 (松开之前的大小)
 .eh_frame      0x000000000001761c       0x7c mm/main.o
                                         0x94 (松开之前的大小)
 .eh_frame      0x0000000000017698       0x90 mm/forkexit.o
                                         0xa8 (松开之前的大小)
 .eh_frame      0x0000000000017728       0x2c mm/exec.o
                                         0x44 (松开之前的大小)
 .eh_frame      0x0000000000017754      0x174 fs/main.o
                                        0x18c (松开之前的大小)
 .eh_frame      0x00000000000178c8      0x128 fs/open.o
                                        0x140 (松开之前的大小)
 .eh_frame      0x00000000000179f0       0x70 fs/misc.o
                                         0x88 (松开之前的大小)
 .eh_frame      0x0000000000017a60       0x2c fs/read_write.o
                                         0x44 (松开之前的大小)
 .eh_frame      0x0000000000017a8c       0x4c fs/link.o
                                         0x64 (松开之前的大小)
 .eh_frame      0x0000000000017ad8       0x60 fs/disklog.o
                                         0x78 (松开之前的大小)
 .eh_frame      0x0000000000017b38      0x158 graphics/main.o
                                        0x170 (松开之前的大小)
 .eh_frame      0x0000000000017c90      0x1c0 graphics/graphics.o
                                        0x1d8 (松开之前的大小)
 .eh_frame      0x0000000000017e50      0x1b0 kernel/game/2048.o
                                        0x1c8 (松开之前的大小)
 .eh_frame      0x0000000000018000      0x104 kernel/tools/calendar.o
                                        0x11c (松开之前的大小)
 .eh_frame      0x0000000000018104       0xf0 kernel/game/tanchishe.o
                                        0x108 (松开之前的大小)
 .eh_frame      0x00000000000181f4      0x26c kernel/tools/calculator.o
                                        0x284 (松开之前的大小)
 .eh_frame      0x0000000000018460       0x40 lib/orangescrt.a(printf.o)
                                         0x58 (松开之前的大小)
 .eh_frame      0x00000000000184a0       0x68 lib/orangescrt.a(vsprintf.o)
                                         0x80 (松开之前的大小)
 .eh_frame      0x0000000000018508       0xbc lib/orangescrt.a(misc.o)
                                         0xd4 (松开之前的大小)
 .eh_frame      0x00000000000185c4       0x20 lib/orangescrt.a(open.o)
                                         0x38 (松开之前的大小)
 .eh_frame      0x00000000000185e4       0x20 lib/orangescrt.a(read.o)
                                         0x38 (松开之前的大小)
 .eh_frame      0x0000000000018604       0x20 lib/orangescrt.a(write.o)
                                         0x38 (松开之前的大小)
 .eh_frame      0x0000000000018624       0x20 lib/orangescrt.a(close.o)
                                         0x38 (松开之前的大小)
 .eh_frame      0x0000000000018644       0x20 lib/orangescrt.a(lseek.o)
                                         0x38 (松开之前的大小)
 .eh_frame      0x0000000000018664       0x20 lib/orangescrt.a(getpid.o)
                                         0x38 (松开之前的大小)
 .eh_frame      0x0000000000018684       0x20 lib/orangescrt.a(stat.o)
                                         0x38 (松开之前的大小)
 .eh_frame      0x00000000000186a4       0x20 lib/orangescrt.a(fork.o)
                                         0x38 (松开之前的大小)
 .eh_frame      0x00000000000186c4       0x20 lib/orangescrt.a(wait.o)
                                         0x38 (松开之前的大小)
 .eh_frame      0x00000000000186e4       0x60 lib/orangescrt.a(exec.o)
                                         0x78 (松开之前的大小)
 .eh_frame      0x0000000000018744      0x140 lib/orangescrt.a(graphics.o)
                                        0x158 (松开之前的大小)
 .eh_frame      0x0000000000018884       0x20 lib/orangescrt.a(kbhit.o)
                                         0x38 (松开之前的大小)

.gcc_except_table
 *(.gcc_except_table .gcc_except_table.*)

.exception_ranges
 *(.exception_ranges .exception_ranges*)
                0x00000000000188a4                . = (ALIGN (0x1000) - ((0x1000 - .) & 0xfff))
                0x0000000000019000                . = DATA_SEGMENT_ALIGN (0x1000, 0x1000)

.eh_frame
 *(.eh_frame)

.gcc_except_table
 *(.gcc_except_table .gcc_except_table.*)

.exception_ranges
 *(.exception_ranges .exception_ranges*)

.tdata
 *(.tdata .tdata.* .gnu.linkonce.td.*)

.tbss
 *(.tbss .tbss.* .gnu.linkonce.tb.*)
 *(.tcommon)

.preinit_array  0x0000000000019000        0x0
                0x0000000000019000                PROVIDE (__preinit_array_start, .)
 *(.preinit_array)
                0x0000000000019000                PROVIDE (__preinit_array_end, .)

.init_array     0x0000000000019000        0x0
                0x0000000000019000                PROVIDE (__init_array_start, .)
 *(SORT(.init_array.*) SORT(.ctors.*))
 *(.init_array EXCLUDE_FILE(*crtend?.o *crtend.o *crtbegin?.o *crtbegin.o) .ctors)
                0x0000000000019000                PROVIDE (__init_array_end, .)

.fini_array     0x0000000000019000        0x0
                0x0000000000019000                PROVIDE (__fini_array_start, .)
 *(SORT(.fini_array.*) SORT(.dtors.*))
 *(.fini_array EXCLUDE_FILE(*crtend?.o *crtend.o *crtbegin?.o *crtbegin.o) .dtors)
                0x0000000000019000                PROVIDE (__fini_array_end, .)

.ctors
 *crtbegin.o(.ctors)
 *crtbegin?.o(.ctors)
 *(EXCLUDE_FILE(*crtend?.o *crtend.o) .ctors)
 *(SORT(.ctors.*))
 *(.ctors)

.dtors
 *crtbegin.o(.dtors)
 *crtbegin?.o(.dtors)
 *(EXCLUDE_FILE(*crtend?.o *crtend.o) .dtors)
 *(SORT(.dtors.*))
 *(.dtors)

.jcr
 *(.jcr)

.data.rel.ro
 *(.data.rel.ro.local* .gnu.linkonce.d.rel.ro.local.*)
 *(.data.rel.ro .data.rel.ro.* .gnu.linkonce.d.rel.ro.*)

.dynamic
 *(.dynamic)

.got
 *(.got)
 *(.igot)
                0x0000000000019000                . = DATA_SEGMENT_RELRO_END (., (SIZEOF (.got.plt) >= 0xc)?0xc:0x0)

.got.plt        0x0000000000019000        0x0
 *(.got.plt)
 *(.igot.plt)
 .igot.plt      0x0000000000000000        0x0 kernel/kernel.o

.data           0x0000000000019000     0x11ec
 *(.data .data.* .gnu.linkonce.d.*)
 .data          0x0000000000019000        0x2 kernel/kernel.o
 .data          0x0000000000019002        0x0 kernel/start.o
 .data          0x0000000000019002        0x0 kernel/main.o
 *fill*         0x0000000000019002        0x2 
 .data          0x0000000000019004        0x4 kernel/clock.o
                0x0000000000019004                randSeed
 *fill*         0x0000000000019008       0x18 
 .data          0x0000000000019020      0x600 kernel/keyboard.o
                0x0000000000019020                keymap
 .data          0x0000000000019620       0x22 kernel/tty.o
 .data          0x0000000000019642        0x0 kernel/console.o
 .data          0x0000000000019642        0x0 kernel/i8259.o
 *fill*         0x0000000000019642       0x1e 
 .data          0x0000000000019660      0x1d4 kernel/global.o
                0x0000000000019660                task_table
                0x0000000000019760                user_proc_table
                0x0000000000019800                sys_call_table
                0x000000000001980c                dd_map
                0x0000000000019824                fsbuf
                0x0000000000019828                mmbuf
                0x000000000001982c                logbuf
                0x0000000000019830                logdiskbuf
 .data          0x0000000000019834        0x0 kernel/protect.o
 .data          0x0000000000019834        0x0 kernel/proc.o
 .data          0x0000000000019834        0x0 kernel/systask.o
 .data          0x0000000000019834        0x0 kernel/hd.o
 .data          0x0000000000019834        0x0 kernel/klib.o
 .data          0x0000000000019834        0x0 kernel/tools/welcome.o
 *fill*         0x0000000000019834        0xc 
 .data          0x0000000000019840       0x80 kernel/tools/fs.o
                0x0000000000019840                currentFolder
 .data          0x00000000000198c0       0x84 kernel/tools/user.o
                0x00000000000198c0                currentUser
                0x0000000000019940                currentUserIndex
 .data          0x0000000000019944        0x0 kernel/tools/process.o
 .data          0x0000000000019944        0x0 lib/syslog.o
 .data          0x0000000000019944        0x0 mm/main.o
 .data          0x0000000000019944        0x0 mm/forkexit.o
 .data          0x0000000000019944        0x0 mm/exec.o
 .data          0x0000000000019944        0x0 fs/main.o
 .data          0x0000000000019944        0x0 fs/open.o
 .data          0x0000000000019944        0x0 fs/misc.o
 .data          0x0000000000019944        0x0 fs/read_write.o
 .data          0x0000000000019944        0x0 fs/link.o
 .data          0x0000000000019944        0x0 fs/disklog.o
 .data          0x0000000000019944        0x0 graphics/main.o
 *fill*         0x0000000000019944       0x1c 
 .data          0x0000000000019960      0x874 graphics/graphics.o
                0x0000000000019960                hankaku
                0x000000000001a160                table_rgb
                0x000000000001a1a0                table_gray
                0x000000000001a1d0                colorMode
 .data          0x000000000001a1d4        0x8 kernel/game/2048.o
 .data          0x000000000001a1dc        0x0 kernel/tools/calendar.o
 .data          0x000000000001a1dc        0x4 kernel/game/tanchishe.o
 .data          0x000000000001a1e0        0xc kernel/tools/calculator.o
                0x000000000001a1e0                flag
                0x000000000001a1e4                num_stack_top
                0x000000000001a1e8                op_stack_top
 .data          0x000000000001a1ec        0x0 lib/orangescrt.a(printf.o)
 .data          0x000000000001a1ec        0x0 lib/orangescrt.a(vsprintf.o)
 .data          0x000000000001a1ec        0x0 lib/orangescrt.a(misc.o)
 .data          0x000000000001a1ec        0x0 lib/orangescrt.a(open.o)
 .data          0x000000000001a1ec        0x0 lib/orangescrt.a(read.o)
 .data          0x000000000001a1ec        0x0 lib/orangescrt.a(write.o)
 .data          0x000000000001a1ec        0x0 lib/orangescrt.a(close.o)
 .data          0x000000000001a1ec        0x0 lib/orangescrt.a(lseek.o)
 .data          0x000000000001a1ec        0x0 lib/orangescrt.a(getpid.o)
 .data          0x000000000001a1ec        0x0 lib/orangescrt.a(stat.o)
 .data          0x000000000001a1ec        0x0 lib/orangescrt.a(fork.o)
 .data          0x000000000001a1ec        0x0 lib/orangescrt.a(wait.o)
 .data          0x000000000001a1ec        0x0 lib/orangescrt.a(exec.o)
 .data          0x000000000001a1ec        0x0 lib/orangescrt.a(graphics.o)
 .data          0x000000000001a1ec        0x0 lib/orangescrt.a(kbhit.o)

.data1
 *(.data1)
                0x000000000001a1ec                _edata = .
                0x000000000001a1ec                PROVIDE (edata, .)
                0x000000000001a1ec                . = .
                0x000000000001a1ec                __bss_start = .

.bss            0x000000000001a200    0x306a4
 *(.dynbss)
 *(.bss .bss.* .gnu.linkonce.b.*)
 .bss           0x000000000001a200      0x800 kernel/kernel.o
 .bss           0x000000000001aa00        0x0 kernel/start.o
 .bss           0x000000000001aa00        0x0 kernel/main.o
 .bss           0x000000000001aa00        0x0 kernel/clock.o
 .bss           0x000000000001aa00       0x58 kernel/keyboard.o
 .bss           0x000000000001aa58        0x0 kernel/tty.o
 .bss           0x000000000001aa58        0x0 kernel/console.o
 .bss           0x000000000001aa58        0x0 kernel/i8259.o
 .bss           0x000000000001aa58        0x0 kernel/global.o
 .bss           0x000000000001aa58        0x0 kernel/protect.o
 .bss           0x000000000001aa58        0x0 kernel/proc.o
 .bss           0x000000000001aa58        0x0 kernel/systask.o
 *fill*         0x000000000001aa58        0x8 
 .bss           0x000000000001aa60      0x64c kernel/hd.o
 .bss           0x000000000001b0ac        0x0 kernel/klib.o
 .bss           0x000000000001b0ac        0x0 kernel/tools/welcome.o
 *fill*         0x000000000001b0ac       0x14 
 .bss           0x000000000001b0c0       0x8c kernel/tools/fs.o
                0x000000000001b0c0                filepath
                0x000000000001b140                filecount
                0x000000000001b144                isEntered
                0x000000000001b148                leiflag
 .bss           0x000000000001b14c        0x4 kernel/tools/user.o
                0x000000000001b14c                usercount
 .bss           0x000000000001b150        0x0 kernel/tools/process.o
 .bss           0x000000000001b150        0x0 lib/syslog.o
 .bss           0x000000000001b150        0x0 mm/main.o
 .bss           0x000000000001b150        0x0 mm/forkexit.o
 .bss           0x000000000001b150        0x0 mm/exec.o
 .bss           0x000000000001b150        0x0 fs/main.o
 .bss           0x000000000001b150        0x0 fs/open.o
 .bss           0x000000000001b150        0x0 fs/misc.o
 .bss           0x000000000001b150        0x0 fs/read_write.o
 .bss           0x000000000001b150        0x0 fs/link.o
 *fill*         0x000000000001b150       0x10 
 .bss           0x000000000001b160      0x208 fs/disklog.o
 .bss           0x000000000001b368        0x0 graphics/main.o
 .bss           0x000000000001b368        0x0 graphics/graphics.o
 *fill*         0x000000000001b368       0x18 
 .bss           0x000000000001b380       0x54 kernel/game/2048.o
 .bss           0x000000000001b3d4        0x0 kernel/tools/calendar.o
 *fill*         0x000000000001b3d4        0xc 
 .bss           0x000000000001b3e0      0x660 kernel/game/tanchishe.o
 .bss           0x000000000001ba40      0x5a8 kernel/tools/calculator.o
                0x000000000001ba40                str
                0x000000000001bbe0                num_stack
                0x000000000001bf00                left
                0x000000000001bf04                right
                0x000000000001bf20                op_stack
 .bss           0x000000000001bfe8        0x0 lib/orangescrt.a(printf.o)
 .bss           0x000000000001bfe8        0x0 lib/orangescrt.a(vsprintf.o)
 .bss           0x000000000001bfe8        0x0 lib/orangescrt.a(misc.o)
 .bss           0x000000000001bfe8        0x0 lib/orangescrt.a(open.o)
 .bss           0x000000000001bfe8        0x0 lib/orangescrt.a(read.o)
 .bss           0x000000000001bfe8        0x0 lib/orangescrt.a(write.o)
 .bss           0x000000000001bfe8        0x0 lib/orangescrt.a(close.o)
 .bss           0x000000000001bfe8        0x0 lib/orangescrt.a(lseek.o)
 .bss           0x000000000001bfe8        0x0 lib/orangescrt.a(getpid.o)
 .bss           0x000000000001bfe8        0x0 lib/orangescrt.a(stat.o)
 .bss           0x000000000001bfe8        0x0 lib/orangescrt.a(fork.o)
 .bss           0x000000000001bfe8        0x0 lib/orangescrt.a(wait.o)
 .bss           0x000000000001bfe8        0x0 lib/orangescrt.a(exec.o)
 .bss           0x000000000001bfe8        0x0 lib/orangescrt.a(graphics.o)
 .bss           0x000000000001bfe8        0x0 lib/orangescrt.a(kbhit.o)
 *(COMMON)
 *fill*         0x000000000001bfe8       0x18 
 COMMON         0x000000000001c000    0x2c9b0 kernel/global.o
                0x000000000001c000                idt_ptr
                0x000000000001c020                graphics_msg
                0x000000000001c060                inode_table
                0x000000000001cb60                task_stack
                0x0000000000040b60                k_reenter
                0x0000000000040b80                gdt
                0x0000000000040f80                current_console
                0x0000000000040f84                pcaller
                0x0000000000040fa0                tty_table
                0x00000000000435c0                tss
                0x0000000000043640                fs_msg
                0x0000000000043670                memory_size
                0x0000000000043680                f_desc_table
                0x0000000000043a80                root_inode
                0x0000000000043a84                disp_pos
                0x0000000000043aa0                mm_msg
                0x0000000000043ad0                key_pressed
                0x0000000000043ad4                gdt_ptr
                0x0000000000043ae0                idt
                0x00000000000442e0                super_block
                0x00000000000444c0                ticks
                0x00000000000444e0                console_table
                0x0000000000044a60                irq_table
                0x0000000000044aa0                p_proc_ready
                0x0000000000044ac0                proc_table
 COMMON         0x00000000000489b0       0x10 kernel/hd.o
                0x00000000000489b0                PARTITION_ENTRY
 COMMON         0x00000000000489c0     0x14e0 kernel/tools/fs.o
                0x00000000000489c0                filequeue
                0x0000000000048aa0                files
                0x00000000000494a0                userfiles
 COMMON         0x0000000000049ea0      0xa00 kernel/tools/user.o
                0x0000000000049ea0                users
 COMMON         0x000000000004a8a0        0x0 graphics/main.o
 COMMON         0x000000000004a8a0        0x4 kernel/game/tanchishe.o
                0x000000000004a8a0                Dir
                0x000000000004a8a4                . = ALIGN ((. != 0x0)?0x4:0x1)
                0x000000000004a8a4                . = ALIGN (0x4)
                0x000000000004a8a4                . = SEGMENT_START ("ldata-segment", .)
                0x000000000004a8a4                . = ALIGN (0x4)
                0x000000000004a8a4                _end = .
                0x000000000004a8a4                PROVIDE (end, .)
                0x000000000004a8a4                . = DATA_SEGMENT_END (.)

.stab
 *(.stab)

.stabstr
 *(.stabstr)

.stab.excl
 *(.stab.excl)

.stab.exclstr
 *(.stab.exclstr)

.stab.index
 *(.stab.index)

.stab.indexstr
 *(.stab.indexstr)

.comment        0x0000000000000000       0x2b
 *(.comment)
 .comment       0x0000000000000000       0x2b kernel/start.o
                                         0x2c (松开之前的大小)
 .comment       0x0000000000000000       0x2c kernel/main.o
 .comment       0x0000000000000000       0x2c kernel/clock.o
 .comment       0x0000000000000000       0x2c kernel/keyboard.o
 .comment       0x0000000000000000       0x2c kernel/tty.o
 .comment       0x0000000000000000       0x2c kernel/console.o
 .comment       0x0000000000000000       0x2c kernel/i8259.o
 .comment       0x0000000000000000       0x2c kernel/global.o
 .comment       0x0000000000000000       0x2c kernel/protect.o
 .comment       0x0000000000000000       0x2c kernel/proc.o
 .comment       0x0000000000000000       0x2c kernel/systask.o
 .comment       0x0000000000000000       0x2c kernel/hd.o
 .comment       0x0000000000000000       0x2c kernel/klib.o
 .comment       0x0000000000000000       0x2c kernel/tools/welcome.o
 .comment       0x0000000000000000       0x2c kernel/tools/fs.o
 .comment       0x0000000000000000       0x2c kernel/tools/user.o
 .comment       0x0000000000000000       0x2c kernel/tools/process.o
 .comment       0x0000000000000000       0x2c lib/syslog.o
 .comment       0x0000000000000000       0x2c mm/main.o
 .comment       0x0000000000000000       0x2c mm/forkexit.o
 .comment       0x0000000000000000       0x2c mm/exec.o
 .comment       0x0000000000000000       0x2c fs/main.o
 .comment       0x0000000000000000       0x2c fs/open.o
 .comment       0x0000000000000000       0x2c fs/misc.o
 .comment       0x0000000000000000       0x2c fs/read_write.o
 .comment       0x0000000000000000       0x2c fs/link.o
 .comment       0x0000000000000000       0x2c fs/disklog.o
 .comment       0x0000000000000000       0x2c graphics/main.o
 .comment       0x0000000000000000       0x2c graphics/graphics.o
 .comment       0x0000000000000000       0x2c kernel/game/2048.o
 .comment       0x0000000000000000       0x2c kernel/tools/calendar.o
 .comment       0x0000000000000000       0x2c kernel/game/tanchishe.o
 .comment       0x0000000000000000       0x2c kernel/tools/calculator.o
 .comment       0x0000000000000000       0x2c lib/orangescrt.a(printf.o)
 .comment       0x0000000000000000       0x2c lib/orangescrt.a(vsprintf.o)
 .comment       0x0000000000000000       0x2c lib/orangescrt.a(misc.o)
 .comment       0x0000000000000000       0x2c lib/orangescrt.a(open.o)
 .comment       0x0000000000000000       0x2c lib/orangescrt.a(read.o)
 .comment       0x0000000000000000       0x2c lib/orangescrt.a(write.o)
 .comment       0x0000000000000000       0x2c lib/orangescrt.a(close.o)
 .comment       0x0000000000000000       0x2c lib/orangescrt.a(lseek.o)
 .comment       0x0000000000000000       0x2c lib/orangescrt.a(getpid.o)
 .comment       0x0000000000000000       0x2c lib/orangescrt.a(stat.o)
 .comment       0x0000000000000000       0x2c lib/orangescrt.a(fork.o)
 .comment       0x0000000000000000       0x2c lib/orangescrt.a(wait.o)
 .comment       0x0000000000000000       0x2c lib/orangescrt.a(exec.o)
 .comment       0x0000000000000000       0x2c lib/orangescrt.a(graphics.o)
 .comment       0x0000000000000000       0x2c lib/orangescrt.a(kbhit.o)

.debug
 *(.debug)

.line
 *(.line)

.debug_srcinfo
 *(.debug_srcinfo)

.debug_sfnames
 *(.debug_sfnames)

.debug_aranges
 *(.debug_aranges)

.debug_pubnames
 *(.debug_pubnames)

.debug_info
 *(.debug_info .gnu.linkonce.wi.*)

.debug_abbrev
 *(.debug_abbrev)

.debug_line
 *(.debug_line .debug_line.* .debug_line_end)

.debug_frame
 *(.debug_frame)

.debug_str
 *(.debug_str)

.debug_loc
 *(.debug_loc)

.debug_macinfo
 *(.debug_macinfo)

.debug_weaknames
 *(.debug_weaknames)

.debug_funcnames
 *(.debug_funcnames)

.debug_typenames
 *(.debug_typenames)

.debug_varnames
 *(.debug_varnames)

.debug_pubtypes
 *(.debug_pubtypes)

.debug_ranges
 *(.debug_ranges)

.debug_macro
 *(.debug_macro)

.gnu.attributes
 *(.gnu.attributes)

/DISCARD/
 *(.note.GNU-stack)
 *(.gnu_debuglink)
 *(.gnu.lto_*)
OUTPUT(kernel.bin elf32-i386)
